<html>
<body>
<pre>
<h1>µVision Build Log</h1>
<h2>Tool Versions:</h2>
IDE-Version: ¦ÌVision V5.22.0.0
Copyright (C) 2016 ARM Ltd and ARM Germany GmbH. All rights reserved.
License Information: fu fwc, fwc, LIC=BUURA-1ETUX-EVA1R-K7ESA-3ETBJ-ICH6W
 
Tool Versions:
Toolchain:       MDK-ARM Plus  Version: 5.22
Toolchain Path:  C:\Keil_v5\ARM\ARMCC\Bin
C Compiler:      Armcc.exe V5.06 update 4 (build 422)
Assembler:       Armasm.exe V5.06 update 4 (build 422)
Linker/Locator:  ArmLink.exe V5.06 update 4 (build 422)
Library Manager: ArmAr.exe V5.06 update 4 (build 422)
Hex Converter:   FromElf.exe V5.06 update 4 (build 422)
CPU DLL:         SARMCM3.DLL V5.22
Dialog DLL:      DCM.DLL V1.13.9.0
Target DLL:      STLink\ST-LINKIII-KEIL_SWO.dll V2.0.18.0
Dialog DLL:      TCM.DLL V1.21.0.0
 
<h2>Project:</h2>
C:\keil_work\SmartBoxSoft\SmartBox.uvprojx
Project File Date:  04/17/2018

<h2>Output:</h2>
*** Using Compiler 'V5.06 update 4 (build 422)', folder: 'C:\Keil_v5\ARM\ARMCC\Bin'
Rebuild target 'SmartBOx'
compiling appconfig.c...
compiling main.c...
compiling IAP.c...
compiling flash.c...
compiling logs.c...
compiling delay.c...
compiling timer.c...
compiling USART.c...
compiling AtParser.c...
compiling connect.c...
compiling misc.c...
compiling stm32f10x_gpio.c...
compiling stm32f10x_adc.c...
compiling stm32f10x_i2c.c...
compiling stm32f10x_rcc.c...
compiling stm32f10x_rtc.c...
assembling startup_stm32f10x_hd.s...
compiling stm32f10x_tim.c...
compiling stm32f10x_usart.c...
compiling aes.c...
compiling arc4.c...
compiling stm32f10x_flash.c...
compiling system_stm32f10x.c...
compiling asn1parse.c...
compiling asn1write.c...
compiling base64.c...
compiling bignum.c...
compiling camellia.c...
compiling blowfish.c...
compiling ccm.c...
compiling certs.c...
compiling cipher.c...
compiling cipher_wrap.c...
compiling ctr_drbg.c...
compiling debug.c...
compiling des.c...
compiling ecdh.c...
compiling dhm.c...
compiling ecdsa.c...
compiling ecjpake.c...
compiling ecp.c...
compiling ecp_curves.c...
compiling entropy.c...
compiling entropy_poll.c...
compiling error.c...
compiling gcm.c...
compiling hmac_drbg.c...
compiling havege.c...
compiling md2.c...
compiling md.c...
compiling md4.c...
compiling md_wrap.c...
compiling md5.c...
compiling memory_buffer_alloc.c...
compiling net.c...
compiling pem.c...
compiling oid.c...
compiling pk.c...
compiling pk_wrap.c...
compiling pkcs11.c...
compiling pkcs12.c...
compiling pkcs5.c...
compiling pkwrite.c...
compiling pkparse.c...
compiling platform.c...
compiling ripemd160.c...
compiling rsa.c...
compiling sha1.c...
compiling sha256.c...
compiling sha512.c...
compiling ssl_cache.c...
compiling ssl_ciphersuites.c...
compiling ssl_cli.c...
compiling ssl_cookie.c...
compiling ssl_srv.c...
compiling ssl_tls.c...
compiling ssl_ticket.c...
compiling threading.c...
compiling timing.c...
compiling version.c...
compiling version_features.c...
compiling x509_create.c...
compiling x509.c...
compiling x509_crl.c...
compiling x509_crt.c...
compiling x509_csr.c...
compiling x509write_crt.c...
compiling x509write_csr.c...
compiling xtea.c...
linking...
Program Size: Code=8792 RO-data=672 RW-data=76 ZI-data=1324  
FromELF: creating hex file...
After Build - User command #1: C:\Keil_v5\ARM\ARMCC\bin\fromelf.exe  --bin --output ./out/SmartBox.bin ./Objects/SmartBox.axf
".\Objects\SmartBox.axf" - 0 Error(s), 0 Warning(s).

<h2>Software Packages used:</h2>

Package Vendor: ARM
                http://www.keil.com/pack/ARM.CMSIS.5.0.0.pack
                ARM::CMSIS:CORE:5.0.0
                CMSIS (Cortex Microcontroller Software Interface Standard)
   * Component: CORE Version: 5.0.0

Package Vendor: ARM
                http://www.keil.com/pack/ARM.mbedTLS.1.1.1.pack
                ARM::Security:mbed TLS:2.2.1
                ARM mbed Cryptographic and SSL/TLS library for Cortex-M devices
   * Component: mbed TLS Version: 2.2.1

Package Vendor: Keil
                http://www.keil.com/pack/Keil.STM32F1xx_DFP.2.1.0.pack
                Keil::Device:Startup:1.0.0
                STMicroelectronics STM32F1 Series Device Support, Drivers and Examples
   * Component: Startup Version: 1.0.0
   * Component: Framework Version: 3.5.1
   * Component: ADC Version: 3.5.0
   * Component: Flash Version: 3.5.0
   * Component: GPIO Version: 3.5.0
   * Component: I2C Version: 3.5.0
   * Component: RCC Version: 3.5.0
   * Component: RTC Version: 3.5.0
   * Component: TIM Version: 3.5.0
   * Component: USART Version: 3.5.0

<h2>Collection of Component include folders:</h2>
  C:\keil_work\SmartBoxSoft\RTE\Device\STM32F103RC
  C:\keil_work\SmartBoxSoft\RTE\Security
  C:\keil_work\SmartBoxSoft\RTE\_SmartBOx
  C:\Keil_v5\ARM\PACK\ARM\CMSIS\5.0.0\CMSIS\Include
  C:\Keil_v5\ARM\PACK\ARM\mbedTLS\1.1.1\include
  C:\Keil_v5\ARM\PACK\ARM\mbedTLS\1.1.1\include\mbedtls
  C:\Keil_v5\ARM\PACK\Keil\STM32F1xx_DFP\2.1.0\Device\Include
  C:\Keil_v5\ARM\PACK\Keil\STM32F1xx_DFP\2.1.0\Device\StdPeriph_Driver\inc

<h2>Collection of Component Files used:</h2>

   * Component: ARM::CMSIS:CORE:5.0.0

   * Component: ARM::Security:mbed TLS:2.2.1
      Include file:  include\mbedtls\mbedTLS.h
      Include file:  configs\mbedTLS_config.h
      Source file:   library\aes.c
      Source file:   library\arc4.c
      Source file:   library\asn1parse.c
      Source file:   library\asn1write.c
      Source file:   library\base64.c
      Source file:   library\bignum.c
      Source file:   library\blowfish.c
      Source file:   library\camellia.c
      Source file:   library\ccm.c
      Source file:   library\certs.c
      Source file:   library\cipher.c
      Source file:   library\cipher_wrap.c
      Source file:   library\ctr_drbg.c
      Source file:   library\debug.c
      Source file:   library\des.c
      Source file:   library\dhm.c
      Source file:   library\ecdh.c
      Source file:   library\ecdsa.c
      Source file:   library\ecjpake.c
      Source file:   library\ecp.c
      Source file:   library\ecp_curves.c
      Source file:   library\entropy.c
      Source file:   library\entropy_poll.c
      Source file:   library\error.c
      Source file:   library\gcm.c
      Source file:   library\havege.c
      Source file:   library\hmac_drbg.c
      Source file:   library\md.c
      Source file:   library\md_wrap.c
      Source file:   library\md2.c
      Source file:   library\md4.c
      Source file:   library\md5.c
      Source file:   library\memory_buffer_alloc.c
      Source file:   library\net.c
      Source file:   library\oid.c
      Source file:   library\pem.c
      Source file:   library\pk.c
      Source file:   library\pk_wrap.c
      Source file:   library\pkcs5.c
      Source file:   library\pkcs11.c
      Source file:   library\pkcs12.c
      Source file:   library\pkparse.c
      Source file:   library\pkwrite.c
      Source file:   library\platform.c
      Source file:   library\ripemd160.c
      Source file:   library\rsa.c
      Source file:   library\sha1.c
      Source file:   library\sha256.c
      Source file:   library\sha512.c
      Source file:   library\ssl_cache.c
      Source file:   library\ssl_ciphersuites.c
      Source file:   library\ssl_cli.c
      Source file:   library\ssl_cookie.c
      Source file:   library\ssl_srv.c
      Source file:   library\ssl_ticket.c
      Source file:   library\ssl_tls.c
      Source file:   library\threading.c
      Source file:   library\timing.c
      Source file:   library\version.c
      Source file:   library\version_features.c
      Source file:   library\x509.c
      Source file:   library\x509_create.c
      Source file:   library\x509_crl.c
      Source file:   library\x509_crt.c
      Source file:   library\x509_csr.c
      Source file:   library\x509write_crt.c
      Source file:   library\x509write_csr.c
      Source file:   library\xtea.c

   * Component: Keil::Device:Startup:1.0.0
      Source file:   Device\Source\ARM\STM32F1xx_OPT.s
      Source file:   Device\Source\ARM\startup_stm32f10x_hd.s
      Source file:   Device\Source\system_stm32f10x.c
      Include file:  RTE_Driver\Config\RTE_Device.h

   * Component: Keil::Device:StdPeriph Drivers:Framework:3.5.1
      Include file:  Device\StdPeriph_Driver\inc\misc.h
      Source file:   Device\StdPeriph_Driver\src\misc.c
      Source file:   Device\StdPeriph_Driver\templates\stm32f10x_conf.h
      Include file:  Device\StdPeriph_Driver\templates\stm32f10x_it.h
      Source file:   Device\StdPeriph_Driver\templates\stm32f10x_it.c

   * Component: Keil::Device:StdPeriph Drivers:ADC:3.5.0
      Include file:  Device\StdPeriph_Driver\inc\stm32f10x_adc.h
      Source file:   Device\StdPeriph_Driver\src\stm32f10x_adc.c

   * Component: Keil::Device:StdPeriph Drivers:Flash:3.5.0
      Include file:  Device\StdPeriph_Driver\inc\stm32f10x_flash.h
      Source file:   Device\StdPeriph_Driver\src\stm32f10x_flash.c

   * Component: Keil::Device:StdPeriph Drivers:GPIO:3.5.0
      Include file:  Device\StdPeriph_Driver\inc\stm32f10x_gpio.h
      Source file:   Device\StdPeriph_Driver\src\stm32f10x_gpio.c

   * Component: Keil::Device:StdPeriph Drivers:I2C:3.5.0
      Include file:  Device\StdPeriph_Driver\inc\stm32f10x_i2c.h
      Source file:   Device\StdPeriph_Driver\src\stm32f10x_i2c.c

   * Component: Keil::Device:StdPeriph Drivers:RCC:3.5.0
      Include file:  Device\StdPeriph_Driver\inc\stm32f10x_rcc.h
      Source file:   Device\StdPeriph_Driver\src\stm32f10x_rcc.c

   * Component: Keil::Device:StdPeriph Drivers:RTC:3.5.0
      Include file:  Device\StdPeriph_Driver\inc\stm32f10x_rtc.h
      Source file:   Device\StdPeriph_Driver\src\stm32f10x_rtc.c

   * Component: Keil::Device:StdPeriph Drivers:TIM:3.5.0
      Include file:  Device\StdPeriph_Driver\inc\stm32f10x_tim.h
      Source file:   Device\StdPeriph_Driver\src\stm32f10x_tim.c

   * Component: Keil::Device:StdPeriph Drivers:USART:3.5.0
      Include file:  Device\StdPeriph_Driver\inc\stm32f10x_usart.h
      Source file:   Device\StdPeriph_Driver\src\stm32f10x_usart.c
Build Time Elapsed:  00:00:12
</pre>
</body>
</html>
