Component: ARM Compiler 5.06 update 4 (build 422) Tool: armlink [4d35d2]

==============================================================================

Section Cross References

    main.o(i.get_data_up) refers to atparser.o(i.is_server_connect) for is_server_connect
    main.o(i.get_data_up) refers to connect.o(i.connect_server) for connect_server
    main.o(i.main) refers to misc.o(i.NVIC_SetVectorTable) for NVIC_SetVectorTable
    main.o(i.main) refers to usart.o(i.USART_Config) for USART_Config
    main.o(i.main) refers to timer.o(i.TIM2_Config) for TIM2_Config
    main.o(i.main) refers to stm32f10x_gpio.o(i.GPIO_Init) for GPIO_Init
    main.o(i.main) refers to delay.o(i.delay_init) for delay_init
    main.o(i.main) refers to md5.o(i.mbedtls_md5_init) for mbedtls_md5_init
    main.o(i.main) refers to md5.o(i.mbedtls_md5_starts) for mbedtls_md5_starts
    main.o(i.main) refers to strlen.o(.text) for strlen
    main.o(i.main) refers to md5.o(i.mbedtls_md5_update) for mbedtls_md5_update
    main.o(i.main) refers to md5.o(i.mbedtls_md5_finish) for mbedtls_md5_finish
    main.o(i.main) refers to md5.o(i.mbedtls_md5_free) for mbedtls_md5_free
    main.o(i.main) refers to printf8.o(i.__0printf$8) for __2printf
    main.o(i.main) refers to base64.o(i.mbedtls_base64_decode) for mbedtls_base64_decode
    main.o(i.main) refers to logs.o(i.d) for d
    main.o(i.main) refers to delay.o(i.delay_ms) for delay_ms
    main.o(i.main) refers to usart.o(i.listener_USART_BUFF) for listener_USART_BUFF
    iap.o(i.start_IAP) refers to flash.o(i.write_flash_short_data) for write_flash_short_data
    iap.o(i.start_IAP) refers to iap.o(.data) for Jump_To_Application
    flash.o(i.read_flash_array_data) refers to flash.o(i.read_falsh_halfword) for read_falsh_halfword
    flash.o(i.write_flash_array_data) refers to stm32f10x_flash.o(i.FLASH_Unlock) for FLASH_Unlock
    flash.o(i.write_flash_array_data) refers to stm32f10x_flash.o(i.FLASH_ErasePage) for FLASH_ErasePage
    flash.o(i.write_flash_array_data) refers to stm32f10x_flash.o(i.FLASH_ProgramHalfWord) for FLASH_ProgramHalfWord
    flash.o(i.write_flash_array_data) refers to stm32f10x_flash.o(i.FLASH_Lock) for FLASH_Lock
    flash.o(i.write_flash_short_data) refers to stm32f10x_flash.o(i.FLASH_Unlock) for FLASH_Unlock
    flash.o(i.write_flash_short_data) refers to stm32f10x_flash.o(i.FLASH_ErasePage) for FLASH_ErasePage
    flash.o(i.write_flash_short_data) refers to stm32f10x_flash.o(i.FLASH_ProgramHalfWord) for FLASH_ProgramHalfWord
    flash.o(i.write_flash_short_data) refers to stm32f10x_flash.o(i.FLASH_Lock) for FLASH_Lock
    flash.o(i.write_flash_wold) refers to stm32f10x_flash.o(i.FLASH_Unlock) for FLASH_Unlock
    flash.o(i.write_flash_wold) refers to stm32f10x_flash.o(i.FLASH_ErasePage) for FLASH_ErasePage
    flash.o(i.write_flash_wold) refers to stm32f10x_flash.o(i.FLASH_ProgramWord) for FLASH_ProgramWord
    flash.o(i.write_flash_wold) refers to stm32f10x_flash.o(i.FLASH_Lock) for FLASH_Lock
    delay.o(i.delay_init) refers to misc.o(i.SysTick_CLKSourceConfig) for SysTick_CLKSourceConfig
    delay.o(i.delay_init) refers to delay.o(.data) for fac_us
    delay.o(i.delay_ms) refers to delay.o(.data) for fac_ms
    delay.o(i.delay_us) refers to delay.o(.data) for fac_ms
    logs.o(i.d) refers to stm32f10x_usart.o(i.USART_SendData) for USART_SendData
    logs.o(i.d) refers to stm32f10x_usart.o(i.USART_GetFlagStatus) for USART_GetFlagStatus
    logs.o(i.fputc) refers to stm32f10x_usart.o(i.USART_SendData) for USART_SendData
    logs.o(i.fputc) refers to stm32f10x_usart.o(i.USART_GetFlagStatus) for USART_GetFlagStatus
    timer.o(i.TIM2_Config) refers to stm32f10x_rcc.o(i.RCC_APB1PeriphClockCmd) for RCC_APB1PeriphClockCmd
    timer.o(i.TIM2_Config) refers to stm32f10x_tim.o(i.TIM_DeInit) for TIM_DeInit
    timer.o(i.TIM2_Config) refers to stm32f10x_tim.o(i.TIM_TimeBaseInit) for TIM_TimeBaseInit
    timer.o(i.TIM2_Config) refers to stm32f10x_tim.o(i.TIM_ClearFlag) for TIM_ClearFlag
    timer.o(i.TIM2_Config) refers to stm32f10x_tim.o(i.TIM_ITConfig) for TIM_ITConfig
    timer.o(i.TIM2_Config) refers to misc.o(i.NVIC_PriorityGroupConfig) for NVIC_PriorityGroupConfig
    timer.o(i.TIM2_Config) refers to misc.o(i.NVIC_Init) for NVIC_Init
    timer.o(i.TIM2_Config) refers to stm32f10x_tim.o(i.TIM_Cmd) for TIM_Cmd
    timer.o(i.TIM2_IRQHandler) refers to stm32f10x_tim.o(i.TIM_GetITStatus) for TIM_GetITStatus
    timer.o(i.TIM2_IRQHandler) refers to stm32f10x_tim.o(i.TIM_ClearITPendingBit) for TIM_ClearITPendingBit
    timer.o(i.TIM2_IRQHandler) refers to stm32f10x_gpio.o(i.GPIO_ReadOutputDataBit) for GPIO_ReadOutputDataBit
    timer.o(i.TIM2_IRQHandler) refers to timer.o(.data) for sec_count
    timer.o(i.is_wait_stop) refers to timer.o(.data) for at_wait_time
    timer.o(i.set_at_wait_time) refers to timer.o(.data) for at_wait_time
    usart.o(i.AT_CMD_GSM_init) refers to usart.o(i.execute_at) for execute_at
[...]
    printf7.o(i.__0vprintf$7) refers to stdout.o(.data) for __stdout
    printf7.o(i.__0vsnprintf$7) refers to printf7.o(i._printf_core) for _printf_core
    printf7.o(i.__0vsnprintf$7) refers to printf7.o(i._snputc) for _snputc
    printf7.o(i.__0vsprintf$7) refers to printf7.o(i._printf_core) for _printf_core
    printf7.o(i.__0vsprintf$7) refers to printf7.o(i._sputc) for _sputc
    printf7.o(i._printf_core) refers to printf7.o(i._printf_pre_padding) for _printf_pre_padding
    printf7.o(i._printf_core) refers to uldiv.o(.text) for __aeabi_uldivmod
    printf7.o(i._printf_core) refers to printf7.o(i._printf_post_padding) for _printf_post_padding
    printf8.o(i.__0fprintf$8) refers to printf8.o(i._printf_core) for _printf_core
    printf8.o(i.__0fprintf$8) refers to logs.o(i.fputc) for fputc
    printf8.o(i.__0printf$8) refers to printf8.o(i._printf_core) for _printf_core
    printf8.o(i.__0printf$8) refers to logs.o(i.fputc) for fputc
    printf8.o(i.__0printf$8) refers to stdout.o(.data) for __stdout
    printf8.o(i.__0snprintf$8) refers to printf8.o(i._printf_core) for _printf_core
    printf8.o(i.__0snprintf$8) refers to printf8.o(i._snputc) for _snputc
    printf8.o(i.__0sprintf$8) refers to printf8.o(i._printf_core) for _printf_core
    printf8.o(i.__0sprintf$8) refers to printf8.o(i._sputc) for _sputc
    printf8.o(i.__0vfprintf$8) refers to printf8.o(i._printf_core) for _printf_core
    printf8.o(i.__0vfprintf$8) refers to logs.o(i.fputc) for fputc
    printf8.o(i.__0vprintf$8) refers to printf8.o(i._printf_core) for _printf_core
    printf8.o(i.__0vprintf$8) refers to logs.o(i.fputc) for fputc
    printf8.o(i.__0vprintf$8) refers to stdout.o(.data) for __stdout
    printf8.o(i.__0vsnprintf$8) refers to printf8.o(i._printf_core) for _printf_core
    printf8.o(i.__0vsnprintf$8) refers to printf8.o(i._snputc) for _snputc
    printf8.o(i.__0vsprintf$8) refers to printf8.o(i._printf_core) for _printf_core
    printf8.o(i.__0vsprintf$8) refers to printf8.o(i._sputc) for _sputc
    printf8.o(i._printf_core) refers to printf8.o(i._printf_pre_padding) for _printf_pre_padding
    printf8.o(i._printf_core) refers to uldiv.o(.text) for __aeabi_uldivmod
    printf8.o(i._printf_core) refers to printf8.o(i._printf_post_padding) for _printf_post_padding
    printfa.o(i.__0fprintf) refers (Special) to iusefp.o(.text) for __I$use$fp
    printfa.o(i.__0fprintf) refers to printfa.o(i._printf_core) for _printf_core
    printfa.o(i.__0fprintf) refers to logs.o(i.fputc) for fputc
    printfa.o(i.__0printf) refers (Special) to iusefp.o(.text) for __I$use$fp
    printfa.o(i.__0printf) refers to printfa.o(i._printf_core) for _printf_core
    printfa.o(i.__0printf) refers to logs.o(i.fputc) for fputc
    printfa.o(i.__0printf) refers to stdout.o(.data) for __stdout
    printfa.o(i.__0snprintf) refers (Special) to iusefp.o(.text) for __I$use$fp
    printfa.o(i.__0snprintf) refers to printfa.o(i._printf_core) for _printf_core
    printfa.o(i.__0snprintf) refers to printfa.o(i._snputc) for _snputc
    printfa.o(i.__0sprintf) refers (Special) to iusefp.o(.text) for __I$use$fp
    printfa.o(i.__0sprintf) refers to printfa.o(i._printf_core) for _printf_core
    printfa.o(i.__0sprintf) refers to printfa.o(i._sputc) for _sputc
    printfa.o(i.__0vfprintf) refers (Special) to iusefp.o(.text) for __I$use$fp
    printfa.o(i.__0vfprintf) refers to printfa.o(i._printf_core) for _printf_core
    printfa.o(i.__0vfprintf) refers to logs.o(i.fputc) for fputc
    printfa.o(i.__0vprintf) refers (Special) to iusefp.o(.text) for __I$use$fp
    printfa.o(i.__0vprintf) refers to printfa.o(i._printf_core) for _printf_core
    printfa.o(i.__0vprintf) refers to logs.o(i.fputc) for fputc
    printfa.o(i.__0vprintf) refers to stdout.o(.data) for __stdout
    printfa.o(i.__0vsnprintf) refers (Special) to iusefp.o(.text) for __I$use$fp
    printfa.o(i.__0vsnprintf) refers to printfa.o(i._printf_core) for _printf_core
    printfa.o(i.__0vsnprintf) refers to printfa.o(i._snputc) for _snputc
    printfa.o(i.__0vsprintf) refers (Special) to iusefp.o(.text) for __I$use$fp
    printfa.o(i.__0vsprintf) refers to printfa.o(i._printf_core) for _printf_core
    printfa.o(i.__0vsprintf) refers to printfa.o(i._sputc) for _sputc
    printfa.o(i._fp_digits) refers (Special) to iusefp.o(.text) for __I$use$fp
    printfa.o(i._fp_digits) refers to dmul.o(.text) for __aeabi_dmul
    printfa.o(i._fp_digits) refers to ddiv.o(.text) for __aeabi_ddiv
    printfa.o(i._fp_digits) refers to cdrcmple.o(.text) for __aeabi_cdrcmple
    printfa.o(i._fp_digits) refers to dadd.o(.text) for __aeabi_dadd
    printfa.o(i._fp_digits) refers to dfixul.o(.text) for __aeabi_d2ulz
    printfa.o(i._fp_digits) refers to uldiv.o(.text) for __aeabi_uldivmod
    printfa.o(i._printf_core) refers (Special) to iusefp.o(.text) for __I$use$fp
    printfa.o(i._printf_core) refers to printfa.o(i._printf_pre_padding) for _printf_pre_padding
    printfa.o(i._printf_core) refers to uldiv.o(.text) for __aeabi_uldivmod
    printfa.o(i._printf_core) refers to printfa.o(i._printf_post_padding) for _printf_post_padding
    printfa.o(i._printf_core) refers to printfa.o(i._fp_digits) for _fp_digits
    printfa.o(i._printf_core) refers to uidiv.o(.text) for __aeabi_uidivmod
    printfa.o(i._printf_post_padding) refers (Special) to iusefp.o(.text) for __I$use$fp
    printfa.o(i._printf_pre_padding) refers (Special) to iusefp.o(.text) for __I$use$fp
    printfa.o(i._snputc) refers (Special) to iusefp.o(.text) for __I$use$fp
    printfa.o(i._sputc) refers (Special) to iusefp.o(.text) for __I$use$fp
    entry2.o(.ARM.Collect$$$$00000001) refers to entry2.o(.ARM.Collect$$$$00002712) for __lit__00000000
    entry2.o(.ARM.Collect$$$$00002712) refers to startup_stm32f10x_hd.o(STACK) for __initial_sp
    entry2.o(__vectab_stack_and_reset_area) refers to startup_stm32f10x_hd.o(STACK) for __initial_sp
    entry2.o(__vectab_stack_and_reset_area) refers to entry.o(.ARM.Collect$$$$00000000) for __main
    entry5.o(.ARM.Collect$$$$00000004) refers to init.o(.text) for __scatterload
    entry9a.o(.ARM.Collect$$$$0000000B) refers to main.o(i.main) for main
    entry9b.o(.ARM.Collect$$$$0000000C) refers to main.o(i.main) for main
    uldiv.o(.text) refers to llushr.o(.text) for __aeabi_llsr
    uldiv.o(.text) refers to llshl.o(.text) for __aeabi_llsl
    dadd.o(.text) refers to llshl.o(.text) for __aeabi_llsl
    dadd.o(.text) refers to llsshr.o(.text) for __aeabi_lasr
    dadd.o(.text) refers to depilogue.o(.text) for _double_epilogue
    dmul.o(.text) refers to depilogue.o(.text) for _double_epilogue
    ddiv.o(.text) refers to depilogue.o(.text) for _double_round
    dfixul.o(.text) refers to llushr.o(.text) for __aeabi_llsr
    dfixul.o(.text) refers to llshl.o(.text) for __aeabi_llsl
    init.o(.text) refers to entry5.o(.ARM.Collect$$$$00000004) for __main_after_scatterload
    depilogue.o(.text) refers to llshl.o(.text) for __aeabi_llsl
    depilogue.o(.text) refers to llushr.o(.text) for __aeabi_llsr


==============================================================================

Removing Unused input sections from the image.

    Removing main.o(.rev16_text), (4 bytes).
    Removing main.o(.revsh_text), (4 bytes).
    Removing main.o(.rrx_text), (6 bytes).
    Removing main.o(i.get_data_up), (14 bytes).
    Removing main.o(.data), (2 bytes).
    Removing iap.o(.rev16_text), (4 bytes).
    Removing iap.o(.revsh_text), (4 bytes).
    Removing iap.o(.rrx_text), (6 bytes).
    Removing flash.o(.rev16_text), (4 bytes).
    Removing flash.o(.revsh_text), (4 bytes).
    Removing flash.o(.rrx_text), (6 bytes).
    Removing flash.o(i.read_falsh_halfword), (6 bytes).
    Removing flash.o(i.read_flash_array_data), (64 bytes).
    Removing flash.o(i.read_flash_word), (6 bytes).
    Removing flash.o(i.write_flash_array_data), (92 bytes).
    Removing flash.o(i.write_flash_wold), (60 bytes).
    Removing delay.o(.rev16_text), (4 bytes).
    Removing delay.o(.revsh_text), (4 bytes).
    Removing delay.o(.rrx_text), (6 bytes).
    Removing delay.o(i.delay_us), (60 bytes).
    Removing logs.o(.rev16_text), (4 bytes).
    Removing logs.o(.revsh_text), (4 bytes).
    Removing logs.o(.rrx_text), (6 bytes).
    Removing timer.o(.rev16_text), (4 bytes).
    Removing timer.o(.revsh_text), (4 bytes).
    Removing timer.o(.rrx_text), (6 bytes).
    Removing timer.o(i.is_wait_stop), (12 bytes).
    Removing timer.o(i.set_at_wait_time), (12 bytes).
    Removing usart.o(.rev16_text), (4 bytes).
    Removing usart.o(.revsh_text), (4 bytes).
    Removing usart.o(.rrx_text), (6 bytes).
    Removing usart.o(i.AT_CMD_GSM_init), (180 bytes).
    Removing usart.o(i.execute_at), (148 bytes).
    Removing usart.o(i.get_creg), (140 bytes).
    Removing usart.o(i.usart_parser), (44 bytes).
    Removing atparser.o(.rev16_text), (4 bytes).
    Removing atparser.o(.revsh_text), (4 bytes).
    Removing atparser.o(.rrx_text), (6 bytes).
    Removing atparser.o(i.at_creg_par), (72 bytes).
    Removing atparser.o(i.at_parser), (348 bytes).
    Removing atparser.o(i.check_valid), (60 bytes).
    Removing atparser.o(i.data_convert), (96 bytes).
    Removing atparser.o(i.gsm_ready), (12 bytes).
    Removing atparser.o(i.is_network), (28 bytes).
    Removing atparser.o(i.is_server_connect), (12 bytes).
    Removing atparser.o(i.mem_cmp), (42 bytes).
    Removing atparser.o(i.net_init), (12 bytes).
    Removing atparser.o(i.read_at_cmd), (2 bytes).
    Removing atparser.o(i.rece_data), (66 bytes).
    Removing atparser.o(i.strToInt), (48 bytes).
    Removing atparser.o(.data), (5 bytes).
    Removing connect.o(.rev16_text), (4 bytes).
    Removing connect.o(.revsh_text), (4 bytes).
    Removing connect.o(.rrx_text), (6 bytes).
    Removing connect.o(i.close_connect), (14 bytes).
    Removing connect.o(i.connect_server), (28 bytes).
    Removing connect.o(i.enable_net_at), (76 bytes).
    Removing connect.o(i.gsm_mode_config), (24 bytes).
    Removing connect.o(.conststring), (111 bytes).
    Removing connect.o(.data), (24 bytes).
    Removing misc.o(.rev16_text), (4 bytes).
    Removing misc.o(.revsh_text), (4 bytes).
    Removing misc.o(.rrx_text), (6 bytes).
    Removing misc.o(i.NVIC_SystemLPConfig), (32 bytes).
    Removing stm32f10x_adc.o(.rev16_text), (4 bytes).
    Removing stm32f10x_adc.o(.revsh_text), (4 bytes).
    Removing stm32f10x_adc.o(.rrx_text), (6 bytes).
    Removing stm32f10x_adc.o(i.ADC_AnalogWatchdogCmd), (20 bytes).
    Removing stm32f10x_adc.o(i.ADC_AnalogWatchdogSingleChannelConfig), (16 bytes).
    Removing stm32f10x_adc.o(i.ADC_AnalogWatchdogThresholdsConfig), (6 bytes).
    Removing stm32f10x_adc.o(i.ADC_AutoInjectedConvCmd), (22 bytes).
    Removing stm32f10x_adc.o(i.ADC_ClearFlag), (6 bytes).
    Removing stm32f10x_adc.o(i.ADC_ClearITPendingBit), (10 bytes).
    Removing stm32f10x_adc.o(i.ADC_Cmd), (22 bytes).
    Removing stm32f10x_adc.o(i.ADC_DMACmd), (22 bytes).
    Removing stm32f10x_adc.o(i.ADC_DeInit), (92 bytes).
    Removing stm32f10x_adc.o(i.ADC_DiscModeChannelCountConfig), (24 bytes).
    Removing stm32f10x_adc.o(i.ADC_DiscModeCmd), (22 bytes).
    Removing stm32f10x_adc.o(i.ADC_ExternalTrigConvCmd), (22 bytes).
    Removing stm32f10x_adc.o(i.ADC_ExternalTrigInjectedConvCmd), (22 bytes).
    Removing stm32f10x_adc.o(i.ADC_ExternalTrigInjectedConvConfig), (16 bytes).
    Removing stm32f10x_adc.o(i.ADC_GetCalibrationStatus), (20 bytes).
    Removing stm32f10x_adc.o(i.ADC_GetConversionValue), (8 bytes).
    Removing stm32f10x_adc.o(i.ADC_GetDualModeConversionValue), (12 bytes).
    Removing stm32f10x_adc.o(i.ADC_GetFlagStatus), (18 bytes).
    Removing stm32f10x_adc.o(i.ADC_GetITStatus), (36 bytes).
    Removing stm32f10x_adc.o(i.ADC_GetInjectedConversionValue), (28 bytes).
    Removing stm32f10x_adc.o(i.ADC_GetResetCalibrationStatus), (20 bytes).
    Removing stm32f10x_adc.o(i.ADC_GetSoftwareStartConvStatus), (20 bytes).
    Removing stm32f10x_adc.o(i.ADC_GetSoftwareStartInjectedConvCmdStatus), (20 bytes).
    Removing stm32f10x_adc.o(i.ADC_ITConfig), (24 bytes).
    Removing stm32f10x_adc.o(i.ADC_Init), (80 bytes).
    Removing stm32f10x_adc.o(i.ADC_InjectedChannelConfig), (130 bytes).
    Removing stm32f10x_adc.o(i.ADC_InjectedDiscModeCmd), (22 bytes).
    Removing stm32f10x_adc.o(i.ADC_InjectedSequencerLengthConfig), (24 bytes).
    Removing stm32f10x_adc.o(i.ADC_RegularChannelConfig), (184 bytes).
    Removing stm32f10x_adc.o(i.ADC_ResetCalibration), (10 bytes).
    Removing stm32f10x_adc.o(i.ADC_SetInjectedOffset), (20 bytes).
    Removing stm32f10x_adc.o(i.ADC_SoftwareStartConvCmd), (22 bytes).
    Removing stm32f10x_adc.o(i.ADC_SoftwareStartInjectedConvCmd), (22 bytes).
    Removing stm32f10x_adc.o(i.ADC_StartCalibration), (10 bytes).
    Removing stm32f10x_adc.o(i.ADC_StructInit), (18 bytes).
    Removing stm32f10x_adc.o(i.ADC_TempSensorVrefintCmd), (36 bytes).
    Removing stm32f10x_gpio.o(.rev16_text), (4 bytes).
    Removing stm32f10x_gpio.o(.revsh_text), (4 bytes).
    Removing stm32f10x_gpio.o(.rrx_text), (6 bytes).
    Removing stm32f10x_gpio.o(i.GPIO_AFIODeInit), (20 bytes).
    Removing stm32f10x_gpio.o(i.GPIO_DeInit), (200 bytes).
    Removing stm32f10x_gpio.o(i.GPIO_ETH_MediaInterfaceConfig), (12 bytes).
    Removing stm32f10x_gpio.o(i.GPIO_EXTILineConfig), (64 bytes).
    Removing stm32f10x_gpio.o(i.GPIO_EventOutputCmd), (12 bytes).
    Removing stm32f10x_gpio.o(i.GPIO_EventOutputConfig), (32 bytes).
    Removing stm32f10x_gpio.o(i.GPIO_PinLockConfig), (18 bytes).
    Removing stm32f10x_gpio.o(i.GPIO_PinRemapConfig), (144 bytes).
    Removing stm32f10x_gpio.o(i.GPIO_ReadInputData), (8 bytes).
    Removing stm32f10x_gpio.o(i.GPIO_ReadInputDataBit), (18 bytes).
    Removing stm32f10x_gpio.o(i.GPIO_ReadOutputData), (8 bytes).
    Removing stm32f10x_gpio.o(i.GPIO_ResetBits), (4 bytes).
    Removing stm32f10x_gpio.o(i.GPIO_SetBits), (4 bytes).
    Removing stm32f10x_gpio.o(i.GPIO_StructInit), (16 bytes).
    Removing stm32f10x_gpio.o(i.GPIO_Write), (4 bytes).
    Removing stm32f10x_gpio.o(i.GPIO_WriteBit), (10 bytes).
    Removing stm32f10x_i2c.o(.rev16_text), (4 bytes).
    Removing stm32f10x_i2c.o(.revsh_text), (4 bytes).
    Removing stm32f10x_i2c.o(.rrx_text), (6 bytes).
    Removing stm32f10x_i2c.o(i.I2C_ARPCmd), (24 bytes).
    Removing stm32f10x_i2c.o(i.I2C_AcknowledgeConfig), (24 bytes).
    Removing stm32f10x_i2c.o(i.I2C_CalculatePEC), (24 bytes).
    Removing stm32f10x_i2c.o(i.I2C_CheckEvent), (42 bytes).
    Removing stm32f10x_i2c.o(i.I2C_ClearFlag), (12 bytes).
    Removing stm32f10x_i2c.o(i.I2C_ClearITPendingBit), (12 bytes).
    Removing stm32f10x_i2c.o(i.I2C_Cmd), (24 bytes).
    Removing stm32f10x_i2c.o(i.I2C_DMACmd), (24 bytes).
    Removing stm32f10x_i2c.o(i.I2C_DMALastTransferCmd), (24 bytes).
    Removing stm32f10x_i2c.o(i.I2C_DeInit), (56 bytes).
    Removing stm32f10x_i2c.o(i.I2C_DualAddressCmd), (24 bytes).
    Removing stm32f10x_i2c.o(i.I2C_FastModeDutyCycleConfig), (28 bytes).
    Removing stm32f10x_i2c.o(i.I2C_GeneralCallCmd), (24 bytes).
    Removing stm32f10x_i2c.o(i.I2C_GenerateSTART), (24 bytes).
    Removing stm32f10x_i2c.o(i.I2C_GenerateSTOP), (24 bytes).
    Removing stm32f10x_i2c.o(i.I2C_GetFlagStatus), (58 bytes).
    Removing stm32f10x_i2c.o(i.I2C_GetITStatus), (38 bytes).
    Removing stm32f10x_i2c.o(i.I2C_GetLastEvent), (26 bytes).
    Removing stm32f10x_i2c.o(i.I2C_GetPEC), (8 bytes).
    Removing stm32f10x_i2c.o(i.I2C_ITConfig), (18 bytes).
    Removing stm32f10x_i2c.o(i.I2C_Init), (236 bytes).
    Removing stm32f10x_i2c.o(i.I2C_NACKPositionConfig), (28 bytes).
    Removing stm32f10x_i2c.o(i.I2C_OwnAddress2Config), (22 bytes).
    Removing stm32f10x_i2c.o(i.I2C_PECPositionConfig), (28 bytes).
    Removing stm32f10x_i2c.o(i.I2C_ReadRegister), (22 bytes).
    Removing stm32f10x_i2c.o(i.I2C_ReceiveData), (8 bytes).
    Removing stm32f10x_i2c.o(i.I2C_SMBusAlertConfig), (28 bytes).
    Removing stm32f10x_i2c.o(i.I2C_Send7bitAddress), (18 bytes).
    Removing stm32f10x_i2c.o(i.I2C_SendData), (4 bytes).
    Removing stm32f10x_i2c.o(i.I2C_SoftwareResetCmd), (22 bytes).
    Removing stm32f10x_i2c.o(i.I2C_StretchClockCmd), (24 bytes).
    Removing stm32f10x_i2c.o(i.I2C_StructInit), (30 bytes).
    Removing stm32f10x_i2c.o(i.I2C_TransmitPEC), (24 bytes).
    Removing stm32f10x_rcc.o(.rev16_text), (4 bytes).
    Removing stm32f10x_rcc.o(.revsh_text), (4 bytes).
    Removing stm32f10x_rcc.o(.rrx_text), (6 bytes).
    Removing stm32f10x_rcc.o(i.RCC_ADCCLKConfig), (24 bytes).
    Removing stm32f10x_rcc.o(i.RCC_AHBPeriphClockCmd), (32 bytes).
    Removing stm32f10x_rcc.o(i.RCC_AdjustHSICalibrationValue), (24 bytes).
    Removing stm32f10x_rcc.o(i.RCC_BackupResetCmd), (12 bytes).
    Removing stm32f10x_rcc.o(i.RCC_ClearFlag), (20 bytes).
    Removing stm32f10x_rcc.o(i.RCC_ClearITPendingBit), (12 bytes).
    Removing stm32f10x_rcc.o(i.RCC_ClockSecuritySystemCmd), (12 bytes).
    Removing stm32f10x_rcc.o(i.RCC_DeInit), (76 bytes).
    Removing stm32f10x_rcc.o(i.RCC_GetFlagStatus), (60 bytes).
    Removing stm32f10x_rcc.o(i.RCC_GetITStatus), (24 bytes).
    Removing stm32f10x_rcc.o(i.RCC_GetSYSCLKSource), (16 bytes).
    Removing stm32f10x_rcc.o(i.RCC_HCLKConfig), (24 bytes).
    Removing stm32f10x_rcc.o(i.RCC_HSEConfig), (76 bytes).
    Removing stm32f10x_rcc.o(i.RCC_HSICmd), (12 bytes).
    Removing stm32f10x_rcc.o(i.RCC_ITConfig), (32 bytes).
    Removing stm32f10x_rcc.o(i.RCC_LSEConfig), (52 bytes).
    Removing stm32f10x_rcc.o(i.RCC_LSICmd), (12 bytes).
    Removing stm32f10x_rcc.o(i.RCC_MCOConfig), (12 bytes).
    Removing stm32f10x_rcc.o(i.RCC_PCLK1Config), (24 bytes).
    Removing stm32f10x_rcc.o(i.RCC_PCLK2Config), (24 bytes).
    Removing stm32f10x_rcc.o(i.RCC_PLLCmd), (12 bytes).
    Removing stm32f10x_rcc.o(i.RCC_PLLConfig), (28 bytes).
    Removing stm32f10x_rcc.o(i.RCC_RTCCLKCmd), (12 bytes).
    Removing stm32f10x_rcc.o(i.RCC_RTCCLKConfig), (16 bytes).
    Removing stm32f10x_rcc.o(i.RCC_SYSCLKConfig), (24 bytes).
    Removing stm32f10x_rcc.o(i.RCC_USBCLKConfig), (12 bytes).
    Removing stm32f10x_rcc.o(i.RCC_WaitForHSEStartUp), (56 bytes).
    Removing stm32f10x_rtc.o(.rev16_text), (4 bytes).
    Removing stm32f10x_rtc.o(.revsh_text), (4 bytes).
    Removing stm32f10x_rtc.o(.rrx_text), (6 bytes).
    Removing stm32f10x_rtc.o(i.RTC_ClearFlag), (16 bytes).
    Removing stm32f10x_rtc.o(i.RTC_ClearITPendingBit), (16 bytes).
    Removing stm32f10x_rtc.o(i.RTC_EnterConfigMode), (20 bytes).
    Removing stm32f10x_rtc.o(i.RTC_ExitConfigMode), (20 bytes).
    Removing stm32f10x_rtc.o(i.RTC_GetCounter), (20 bytes).
    Removing stm32f10x_rtc.o(i.RTC_GetDivider), (24 bytes).
    Removing stm32f10x_rtc.o(i.RTC_GetFlagStatus), (24 bytes).
    Removing stm32f10x_rtc.o(i.RTC_GetITStatus), (36 bytes).
    Removing stm32f10x_rtc.o(i.RTC_ITConfig), (32 bytes).
    Removing stm32f10x_rtc.o(i.RTC_SetAlarm), (28 bytes).
    Removing stm32f10x_rtc.o(i.RTC_SetCounter), (28 bytes).
    Removing stm32f10x_rtc.o(i.RTC_SetPrescaler), (32 bytes).
    Removing stm32f10x_rtc.o(i.RTC_WaitForLastTask), (20 bytes).
    Removing stm32f10x_rtc.o(i.RTC_WaitForSynchro), (36 bytes).
    Removing stm32f10x_tim.o(.rev16_text), (4 bytes).
    Removing stm32f10x_tim.o(.revsh_text), (4 bytes).
    Removing stm32f10x_tim.o(.rrx_text), (6 bytes).
    Removing stm32f10x_tim.o(i.TI1_Config), (128 bytes).
    Removing stm32f10x_tim.o(i.TI2_Config), (152 bytes).
    Removing stm32f10x_tim.o(i.TI3_Config), (144 bytes).
    Removing stm32f10x_tim.o(i.TI4_Config), (152 bytes).
    Removing stm32f10x_tim.o(i.TIM_ARRPreloadConfig), (24 bytes).
    Removing stm32f10x_tim.o(i.TIM_BDTRConfig), (32 bytes).
    Removing stm32f10x_tim.o(i.TIM_BDTRStructInit), (18 bytes).
    Removing stm32f10x_tim.o(i.TIM_CCPreloadControl), (24 bytes).
    Removing stm32f10x_tim.o(i.TIM_CCxCmd), (30 bytes).
    Removing stm32f10x_tim.o(i.TIM_CCxNCmd), (30 bytes).
    Removing stm32f10x_tim.o(i.TIM_ClearOC1Ref), (18 bytes).
    Removing stm32f10x_tim.o(i.TIM_ClearOC2Ref), (24 bytes).
    Removing stm32f10x_tim.o(i.TIM_ClearOC3Ref), (18 bytes).
    Removing stm32f10x_tim.o(i.TIM_ClearOC4Ref), (24 bytes).
    Removing stm32f10x_tim.o(i.TIM_CounterModeConfig), (18 bytes).
    Removing stm32f10x_tim.o(i.TIM_CtrlPWMOutputs), (30 bytes).
    Removing stm32f10x_tim.o(i.TIM_DMACmd), (18 bytes).
    Removing stm32f10x_tim.o(i.TIM_DMAConfig), (10 bytes).
    Removing stm32f10x_tim.o(i.TIM_ETRClockMode1Config), (54 bytes).
    Removing stm32f10x_tim.o(i.TIM_ETRClockMode2Config), (32 bytes).
    Removing stm32f10x_tim.o(i.TIM_ETRConfig), (28 bytes).
    Removing stm32f10x_tim.o(i.TIM_EncoderInterfaceConfig), (66 bytes).
    Removing stm32f10x_tim.o(i.TIM_ForcedOC1Config), (18 bytes).
    Removing stm32f10x_tim.o(i.TIM_ForcedOC2Config), (26 bytes).
    Removing stm32f10x_tim.o(i.TIM_ForcedOC3Config), (18 bytes).
    Removing stm32f10x_tim.o(i.TIM_ForcedOC4Config), (26 bytes).
    Removing stm32f10x_tim.o(i.TIM_GenerateEvent), (4 bytes).
    Removing stm32f10x_tim.o(i.TIM_GetCapture1), (6 bytes).
    Removing stm32f10x_tim.o(i.TIM_GetCapture2), (6 bytes).
    Removing stm32f10x_tim.o(i.TIM_GetCapture3), (6 bytes).
    Removing stm32f10x_tim.o(i.TIM_GetCapture4), (8 bytes).
    Removing stm32f10x_tim.o(i.TIM_GetCounter), (6 bytes).
    Removing stm32f10x_tim.o(i.TIM_GetFlagStatus), (18 bytes).
    Removing stm32f10x_tim.o(i.TIM_GetPrescaler), (6 bytes).
    Removing stm32f10x_tim.o(i.TIM_ICInit), (172 bytes).
    Removing stm32f10x_tim.o(i.TIM_ICStructInit), (18 bytes).
    Removing stm32f10x_tim.o(i.TIM_ITRxExternalClockConfig), (24 bytes).
    Removing stm32f10x_tim.o(i.TIM_InternalClockConfig), (12 bytes).
    Removing stm32f10x_tim.o(i.TIM_OC1FastConfig), (18 bytes).
    Removing stm32f10x_tim.o(i.TIM_OC1Init), (152 bytes).
    Removing stm32f10x_tim.o(i.TIM_OC1NPolarityConfig), (18 bytes).
    Removing stm32f10x_tim.o(i.TIM_OC1PolarityConfig), (18 bytes).
    Removing stm32f10x_tim.o(i.TIM_OC1PreloadConfig), (18 bytes).
    Removing stm32f10x_tim.o(i.TIM_OC2FastConfig), (26 bytes).
    Removing stm32f10x_tim.o(i.TIM_OC2Init), (164 bytes).
    Removing stm32f10x_tim.o(i.TIM_OC2NPolarityConfig), (26 bytes).
    Removing stm32f10x_tim.o(i.TIM_OC2PolarityConfig), (26 bytes).
    Removing stm32f10x_tim.o(i.TIM_OC2PreloadConfig), (26 bytes).
    Removing stm32f10x_tim.o(i.TIM_OC3FastConfig), (18 bytes).
    Removing stm32f10x_tim.o(i.TIM_OC3Init), (160 bytes).
    Removing stm32f10x_tim.o(i.TIM_OC3NPolarityConfig), (26 bytes).
    Removing stm32f10x_tim.o(i.TIM_OC3PolarityConfig), (26 bytes).
    Removing stm32f10x_tim.o(i.TIM_OC3PreloadConfig), (18 bytes).
    Removing stm32f10x_tim.o(i.TIM_OC4FastConfig), (26 bytes).
    Removing stm32f10x_tim.o(i.TIM_OC4Init), (124 bytes).
    Removing stm32f10x_tim.o(i.TIM_OC4PolarityConfig), (26 bytes).
    Removing stm32f10x_tim.o(i.TIM_OC4PreloadConfig), (26 bytes).
    Removing stm32f10x_tim.o(i.TIM_OCStructInit), (20 bytes).
    Removing stm32f10x_tim.o(i.TIM_PWMIConfig), (124 bytes).
    Removing stm32f10x_tim.o(i.TIM_PrescalerConfig), (6 bytes).
    Removing stm32f10x_tim.o(i.TIM_SelectCCDMA), (24 bytes).
    Removing stm32f10x_tim.o(i.TIM_SelectCOM), (24 bytes).
    Removing stm32f10x_tim.o(i.TIM_SelectHallSensor), (24 bytes).
    Removing stm32f10x_tim.o(i.TIM_SelectInputTrigger), (18 bytes).
    Removing stm32f10x_tim.o(i.TIM_SelectMasterSlaveMode), (18 bytes).
    Removing stm32f10x_tim.o(i.TIM_SelectOCxM), (82 bytes).
    Removing stm32f10x_tim.o(i.TIM_SelectOnePulseMode), (18 bytes).
    Removing stm32f10x_tim.o(i.TIM_SelectOutputTrigger), (18 bytes).
    Removing stm32f10x_tim.o(i.TIM_SelectSlaveMode), (18 bytes).
    Removing stm32f10x_tim.o(i.TIM_SetAutoreload), (4 bytes).
    Removing stm32f10x_tim.o(i.TIM_SetClockDivision), (18 bytes).
    Removing stm32f10x_tim.o(i.TIM_SetCompare1), (4 bytes).
    Removing stm32f10x_tim.o(i.TIM_SetCompare2), (4 bytes).
    Removing stm32f10x_tim.o(i.TIM_SetCompare3), (4 bytes).
    Removing stm32f10x_tim.o(i.TIM_SetCompare4), (6 bytes).
    Removing stm32f10x_tim.o(i.TIM_SetCounter), (4 bytes).
    Removing stm32f10x_tim.o(i.TIM_SetIC1Prescaler), (18 bytes).
    Removing stm32f10x_tim.o(i.TIM_SetIC2Prescaler), (26 bytes).
    Removing stm32f10x_tim.o(i.TIM_SetIC3Prescaler), (18 bytes).
    Removing stm32f10x_tim.o(i.TIM_SetIC4Prescaler), (26 bytes).
    Removing stm32f10x_tim.o(i.TIM_TIxExternalClockConfig), (62 bytes).
    Removing stm32f10x_tim.o(i.TIM_TimeBaseStructInit), (18 bytes).
    Removing stm32f10x_tim.o(i.TIM_UpdateDisableConfig), (24 bytes).
    Removing stm32f10x_tim.o(i.TIM_UpdateRequestConfig), (24 bytes).
    Removing stm32f10x_usart.o(.rev16_text), (4 bytes).
    Removing stm32f10x_usart.o(.revsh_text), (4 bytes).
    Removing stm32f10x_usart.o(.rrx_text), (6 bytes).
    Removing stm32f10x_usart.o(i.USART_ClockInit), (34 bytes).
    Removing stm32f10x_usart.o(i.USART_ClockStructInit), (12 bytes).
    Removing stm32f10x_usart.o(i.USART_DMACmd), (18 bytes).
    Removing stm32f10x_usart.o(i.USART_DeInit), (156 bytes).
    Removing stm32f10x_usart.o(i.USART_HalfDuplexCmd), (24 bytes).
    Removing stm32f10x_usart.o(i.USART_IrDACmd), (24 bytes).
    Removing stm32f10x_usart.o(i.USART_IrDAConfig), (18 bytes).
    Removing stm32f10x_usart.o(i.USART_LINBreakDetectLengthConfig), (18 bytes).
    Removing stm32f10x_usart.o(i.USART_LINCmd), (24 bytes).
    Removing stm32f10x_usart.o(i.USART_OneBitMethodCmd), (24 bytes).
    Removing stm32f10x_usart.o(i.USART_OverSampling8Cmd), (22 bytes).
    Removing stm32f10x_usart.o(i.USART_ReceiverWakeUpCmd), (24 bytes).
    Removing stm32f10x_usart.o(i.USART_SendBreak), (10 bytes).
    Removing stm32f10x_usart.o(i.USART_SetAddress), (18 bytes).
    Removing stm32f10x_usart.o(i.USART_SetGuardTime), (16 bytes).
    Removing stm32f10x_usart.o(i.USART_SetPrescaler), (16 bytes).
    Removing stm32f10x_usart.o(i.USART_SmartCardCmd), (24 bytes).
    Removing stm32f10x_usart.o(i.USART_SmartCardNACKCmd), (24 bytes).
    Removing stm32f10x_usart.o(i.USART_StructInit), (24 bytes).
    Removing stm32f10x_usart.o(i.USART_WakeUpConfig), (18 bytes).
    Removing startup_stm32f10x_hd.o(HEAP), (512 bytes).
    Removing system_stm32f10x.o(.rev16_text), (4 bytes).
    Removing system_stm32f10x.o(.revsh_text), (4 bytes).
    Removing system_stm32f10x.o(.rrx_text), (6 bytes).
    Removing system_stm32f10x.o(i.SystemCoreClockUpdate), (164 bytes).
    Removing system_stm32f10x.o(.data), (20 bytes).
    Removing stm32f10x_flash.o(.rev16_text), (4 bytes).
    Removing stm32f10x_flash.o(.revsh_text), (4 bytes).
    Removing stm32f10x_flash.o(.rrx_text), (6 bytes).
    Removing stm32f10x_flash.o(i.FLASH_ClearFlag), (12 bytes).
    Removing stm32f10x_flash.o(i.FLASH_EnableWriteProtection), (196 bytes).
    Removing stm32f10x_flash.o(i.FLASH_EraseAllBank1Pages), (72 bytes).
    Removing stm32f10x_flash.o(i.FLASH_EraseAllPages), (72 bytes).
    Removing stm32f10x_flash.o(i.FLASH_EraseOptionBytes), (168 bytes).
    Removing stm32f10x_flash.o(i.FLASH_GetFlagStatus), (48 bytes).
    Removing stm32f10x_flash.o(i.FLASH_GetPrefetchBufferStatus), (24 bytes).
    Removing stm32f10x_flash.o(i.FLASH_GetReadOutProtectionStatus), (24 bytes).
    Removing stm32f10x_flash.o(i.FLASH_GetStatus), (52 bytes).
    Removing stm32f10x_flash.o(i.FLASH_GetUserOptionByte), (12 bytes).
    Removing stm32f10x_flash.o(i.FLASH_GetWriteProtectionOptionByte), (12 bytes).
    Removing stm32f10x_flash.o(i.FLASH_HalfCycleAccessCmd), (28 bytes).
    Removing stm32f10x_flash.o(i.FLASH_ITConfig), (32 bytes).
    Removing stm32f10x_flash.o(i.FLASH_LockBank1), (20 bytes).
    Removing stm32f10x_flash.o(i.FLASH_PrefetchBufferCmd), (28 bytes).
    Removing stm32f10x_flash.o(i.FLASH_ProgramOptionByteData), (84 bytes).
    Removing stm32f10x_flash.o(i.FLASH_ProgramWord), (108 bytes).
    Removing stm32f10x_flash.o(i.FLASH_ReadOutProtection), (172 bytes).
    Removing stm32f10x_flash.o(i.FLASH_SetLatency), (24 bytes).
    Removing stm32f10x_flash.o(i.FLASH_UnlockBank1), (24 bytes).
    Removing stm32f10x_flash.o(i.FLASH_UserOptionByteConfig), (104 bytes).
    Removing stm32f10x_flash.o(i.FLASH_WaitForLastBank1Operation), (38 bytes).
    Removing base64.o(i.mbedtls_base64_encode), (308 bytes).
    Removing md5.o(i.mbedtls_md5), (50 bytes).
    Removing md5.o(i.mbedtls_md5_clone), (18 bytes).
    Removing dadd.o(.text), (334 bytes).
    Removing dmul.o(.text), (228 bytes).
    Removing ddiv.o(.text), (222 bytes).
    Removing dfixul.o(.text), (48 bytes).
    Removing cdrcmple.o(.text), (48 bytes).
    Removing depilogue.o(.text), (186 bytes).

355 unused section(s) (total 13106 bytes) removed from the image.

==============================================================================

Image Symbol Table

    Local Symbols

    Symbol Name                              Value     Ov Type        Size  Object(Section)

    ../clib/microlib/ctype/toupper.c         0x00000000   Number         0  toupper.o ABSOLUTE
    ../clib/microlib/division.c              0x00000000   Number         0  uldiv.o ABSOLUTE
    ../clib/microlib/division.c              0x00000000   Number         0  uidiv.o ABSOLUTE
    ../clib/microlib/init/entry.s            0x00000000   Number         0  entry9a.o ABSOLUTE
    ../clib/microlib/init/entry.s            0x00000000   Number         0  entry8a.o ABSOLUTE
    ../clib/microlib/init/entry.s            0x00000000   Number         0  entry7b.o ABSOLUTE
    ../clib/microlib/init/entry.s            0x00000000   Number         0  entry7a.o ABSOLUTE
    ../clib/microlib/init/entry.s            0x00000000   Number         0  entry.o ABSOLUTE
    ../clib/microlib/init/entry.s            0x00000000   Number         0  entry11b.o ABSOLUTE
    ../clib/microlib/init/entry.s            0x00000000   Number         0  entry5.o ABSOLUTE
    ../clib/microlib/init/entry.s            0x00000000   Number         0  entry9b.o ABSOLUTE
    ../clib/microlib/init/entry.s            0x00000000   Number         0  entry2.o ABSOLUTE
    ../clib/microlib/init/entry.s            0x00000000   Number         0  entry8b.o ABSOLUTE
    ../clib/microlib/init/entry.s            0x00000000   Number         0  entry11a.o ABSOLUTE
    ../clib/microlib/init/entry.s            0x00000000   Number         0  entry10b.o ABSOLUTE
    ../clib/microlib/init/entry.s            0x00000000   Number         0  entry10a.o ABSOLUTE
    ../clib/microlib/longlong.c              0x00000000   Number         0  llsshr.o ABSOLUTE
    ../clib/microlib/longlong.c              0x00000000   Number         0  llushr.o ABSOLUTE
    ../clib/microlib/longlong.c              0x00000000   Number         0  llshl.o ABSOLUTE
    ../clib/microlib/printf/printf.c         0x00000000   Number         0  printfb.o ABSOLUTE
    ../clib/microlib/printf/printf.c         0x00000000   Number         0  printfa.o ABSOLUTE
    ../clib/microlib/printf/printf.c         0x00000000   Number         0  printf8.o ABSOLUTE
    ../clib/microlib/printf/printf.c         0x00000000   Number         0  printf7.o ABSOLUTE
    ../clib/microlib/printf/printf.c         0x00000000   Number         0  printf5.o ABSOLUTE
    ../clib/microlib/printf/printf.c         0x00000000   Number         0  printf4.o ABSOLUTE
    ../clib/microlib/printf/printf.c         0x00000000   Number         0  printf3.o ABSOLUTE
    ../clib/microlib/printf/printf.c         0x00000000   Number         0  printf2.o ABSOLUTE
    ../clib/microlib/printf/printf.c         0x00000000   Number         0  printf1.o ABSOLUTE
    ../clib/microlib/printf/printf.c         0x00000000   Number         0  printf0.o ABSOLUTE
    ../clib/microlib/printf/printf.c         0x00000000   Number         0  printf6.o ABSOLUTE
    ../clib/microlib/printf/stubs.s          0x00000000   Number         0  stubs.o ABSOLUTE
    ../clib/microlib/stdio/streams.c         0x00000000   Number         0  stdout.o ABSOLUTE
    ../clib/microlib/string/memcpy.c         0x00000000   Number         0  memcpya.o ABSOLUTE
    ../clib/microlib/string/memcpy.c         0x00000000   Number         0  memcpyb.o ABSOLUTE
    ../clib/microlib/string/memset.c         0x00000000   Number         0  memseta.o ABSOLUTE
    ../clib/microlib/string/strlen.c         0x00000000   Number         0  strlen.o ABSOLUTE
    ../clib/microlib/string/strstr.c         0x00000000   Number         0  strstr.o ABSOLUTE
    ../clib/microlib/stubs.s                 0x00000000   Number         0  iusefp.o ABSOLUTE
    ../fplib/microlib/fpadd.c                0x00000000   Number         0  dadd.o ABSOLUTE
    ../fplib/microlib/fpdiv.c                0x00000000   Number         0  ddiv.o ABSOLUTE
    ../fplib/microlib/fpepilogue.c           0x00000000   Number         0  depilogue.o ABSOLUTE
    ../fplib/microlib/fpfix.c                0x00000000   Number         0  dfixul.o ABSOLUTE
    ../fplib/microlib/fpmul.c                0x00000000   Number         0  dmul.o ABSOLUTE
    C:\Keil_v5\ARM\PACK\ARM\mbedTLS\1.1.1\library\aes.c 0x00000000   Number         0  aes.o ABSOLUTE
    C:\Keil_v5\ARM\PACK\ARM\mbedTLS\1.1.1\library\arc4.c 0x00000000   Number         0  arc4.o ABSOLUTE
    C:\Keil_v5\ARM\PACK\ARM\mbedTLS\1.1.1\library\asn1parse.c 0x00000000   Number         0  asn1parse.o ABSOLUTE
    C:\Keil_v5\ARM\PACK\ARM\mbedTLS\1.1.1\library\asn1write.c 0x00000000   Number         0  asn1write.o ABSOLUTE
    C:\Keil_v5\ARM\PACK\ARM\mbedTLS\1.1.1\library\base64.c 0x00000000   Number         0  base64.o ABSOLUTE
    C:\Keil_v5\ARM\PACK\ARM\mbedTLS\1.1.1\library\bignum.c 0x00000000   Number         0  bignum.o ABSOLUTE
    C:\Keil_v5\ARM\PACK\ARM\mbedTLS\1.1.1\library\blowfish.c 0x00000000   Number         0  blowfish.o ABSOLUTE
    C:\Keil_v5\ARM\PACK\ARM\mbedTLS\1.1.1\library\camellia.c 0x00000000   Number         0  camellia.o ABSOLUTE
    C:\Keil_v5\ARM\PACK\ARM\mbedTLS\1.1.1\library\ccm.c 0x00000000   Number         0  ccm.o ABSOLUTE
    C:\Keil_v5\ARM\PACK\ARM\mbedTLS\1.1.1\library\certs.c 0x00000000   Number         0  certs.o ABSOLUTE
    C:\Keil_v5\ARM\PACK\ARM\mbedTLS\1.1.1\library\cipher.c 0x00000000   Number         0  cipher.o ABSOLUTE
    C:\Keil_v5\ARM\PACK\ARM\mbedTLS\1.1.1\library\cipher_wrap.c 0x00000000   Number         0  cipher_wrap.o ABSOLUTE
    C:\Keil_v5\ARM\PACK\ARM\mbedTLS\1.1.1\library\ctr_drbg.c 0x00000000   Number         0  ctr_drbg.o ABSOLUTE
    C:\Keil_v5\ARM\PACK\ARM\mbedTLS\1.1.1\library\debug.c 0x00000000   Number         0  debug.o ABSOLUTE
    C:\Keil_v5\ARM\PACK\ARM\mbedTLS\1.1.1\library\des.c 0x00000000   Number         0  des.o ABSOLUTE
    C:\Keil_v5\ARM\PACK\ARM\mbedTLS\1.1.1\library\dhm.c 0x00000000   Number         0  dhm.o ABSOLUTE
    C:\Keil_v5\ARM\PACK\ARM\mbedTLS\1.1.1\library\ecdh.c 0x00000000   Number         0  ecdh.o ABSOLUTE
    C:\Keil_v5\ARM\PACK\ARM\mbedTLS\1.1.1\library\ecdsa.c 0x00000000   Number         0  ecdsa.o ABSOLUTE
    C:\Keil_v5\ARM\PACK\ARM\mbedTLS\1.1.1\library\ecjpake.c 0x00000000   Number         0  ecjpake.o ABSOLUTE
    C:\Keil_v5\ARM\PACK\ARM\mbedTLS\1.1.1\library\ecp.c 0x00000000   Number         0  ecp.o ABSOLUTE
    C:\Keil_v5\ARM\PACK\ARM\mbedTLS\1.1.1\library\ecp_curves.c 0x00000000   Number         0  ecp_curves.o ABSOLUTE
    C:\Keil_v5\ARM\PACK\ARM\mbedTLS\1.1.1\library\entropy.c 0x00000000   Number         0  entropy.o ABSOLUTE
    C:\Keil_v5\ARM\PACK\ARM\mbedTLS\1.1.1\library\entropy_poll.c 0x00000000   Number         0  entropy_poll.o ABSOLUTE
    C:\Keil_v5\ARM\PACK\ARM\mbedTLS\1.1.1\library\error.c 0x00000000   Number         0  error.o ABSOLUTE
    C:\Keil_v5\ARM\PACK\ARM\mbedTLS\1.1.1\library\gcm.c 0x00000000   Number         0  gcm.o ABSOLUTE
    C:\Keil_v5\ARM\PACK\ARM\mbedTLS\1.1.1\library\havege.c 0x00000000   Number         0  havege.o ABSOLUTE
    C:\Keil_v5\ARM\PACK\ARM\mbedTLS\1.1.1\library\hmac_drbg.c 0x00000000   Number         0  hmac_drbg.o ABSOLUTE
    C:\Keil_v5\ARM\PACK\ARM\mbedTLS\1.1.1\library\md.c 0x00000000   Number         0  md.o ABSOLUTE
    C:\Keil_v5\ARM\PACK\ARM\mbedTLS\1.1.1\library\md2.c 0x00000000   Number         0  md2.o ABSOLUTE
    C:\Keil_v5\ARM\PACK\ARM\mbedTLS\1.1.1\library\md4.c 0x00000000   Number         0  md4.o ABSOLUTE
    C:\Keil_v5\ARM\PACK\ARM\mbedTLS\1.1.1\library\md5.c 0x00000000   Number         0  md5.o ABSOLUTE
    C:\Keil_v5\ARM\PACK\ARM\mbedTLS\1.1.1\library\md_wrap.c 0x00000000   Number         0  md_wrap.o ABSOLUTE
    C:\Keil_v5\ARM\PACK\ARM\mbedTLS\1.1.1\library\memory_buffer_alloc.c 0x00000000   Number         0  memory_buffer_alloc.o ABSOLUTE
    C:\Keil_v5\ARM\PACK\ARM\mbedTLS\1.1.1\library\net.c 0x00000000   Number         0  net.o ABSOLUTE
    C:\Keil_v5\ARM\PACK\ARM\mbedTLS\1.1.1\library\oid.c 0x00000000   Number         0  oid.o ABSOLUTE
    C:\Keil_v5\ARM\PACK\ARM\mbedTLS\1.1.1\library\pem.c 0x00000000   Number         0  pem.o ABSOLUTE
    C:\Keil_v5\ARM\PACK\ARM\mbedTLS\1.1.1\library\pk.c 0x00000000   Number         0  pk.o ABSOLUTE
    C:\Keil_v5\ARM\PACK\ARM\mbedTLS\1.1.1\library\pk_wrap.c 0x00000000   Number         0  pk_wrap.o ABSOLUTE
    C:\Keil_v5\ARM\PACK\ARM\mbedTLS\1.1.1\library\pkcs11.c 0x00000000   Number         0  pkcs11.o ABSOLUTE
    C:\Keil_v5\ARM\PACK\ARM\mbedTLS\1.1.1\library\pkcs12.c 0x00000000   Number         0  pkcs12.o ABSOLUTE
    C:\Keil_v5\ARM\PACK\ARM\mbedTLS\1.1.1\library\pkcs5.c 0x00000000   Number         0  pkcs5.o ABSOLUTE
    C:\Keil_v5\ARM\PACK\ARM\mbedTLS\1.1.1\library\pkparse.c 0x00000000   Number         0  pkparse.o ABSOLUTE
    C:\Keil_v5\ARM\PACK\ARM\mbedTLS\1.1.1\library\pkwrite.c 0x00000000   Number         0  pkwrite.o ABSOLUTE
    C:\Keil_v5\ARM\PACK\ARM\mbedTLS\1.1.1\library\platform.c 0x00000000   Number         0  platform.o ABSOLUTE
    C:\Keil_v5\ARM\PACK\ARM\mbedTLS\1.1.1\library\ripemd160.c 0x00000000   Number         0  ripemd160.o ABSOLUTE
    C:\Keil_v5\ARM\PACK\ARM\mbedTLS\1.1.1\library\rsa.c 0x00000000   Number         0  rsa.o ABSOLUTE
    C:\Keil_v5\ARM\PACK\ARM\mbedTLS\1.1.1\library\sha1.c 0x00000000   Number         0  sha1.o ABSOLUTE
    C:\Keil_v5\ARM\PACK\ARM\mbedTLS\1.1.1\library\sha256.c 0x00000000   Number         0  sha256.o ABSOLUTE
    C:\Keil_v5\ARM\PACK\ARM\mbedTLS\1.1.1\library\sha512.c 0x00000000   Number         0  sha512.o ABSOLUTE
    C:\Keil_v5\ARM\PACK\ARM\mbedTLS\1.1.1\library\ssl_cache.c 0x00000000   Number         0  ssl_cache.o ABSOLUTE
    C:\Keil_v5\ARM\PACK\ARM\mbedTLS\1.1.1\library\ssl_ciphersuites.c 0x00000000   Number         0  ssl_ciphersuites.o ABSOLUTE
    C:\Keil_v5\ARM\PACK\ARM\mbedTLS\1.1.1\library\ssl_cli.c 0x00000000   Number         0  ssl_cli.o ABSOLUTE
    C:\Keil_v5\ARM\PACK\ARM\mbedTLS\1.1.1\library\ssl_cookie.c 0x00000000   Number         0  ssl_cookie.o ABSOLUTE
    C:\Keil_v5\ARM\PACK\ARM\mbedTLS\1.1.1\library\ssl_srv.c 0x00000000   Number         0  ssl_srv.o ABSOLUTE
    C:\Keil_v5\ARM\PACK\ARM\mbedTLS\1.1.1\library\ssl_ticket.c 0x00000000   Number         0  ssl_ticket.o ABSOLUTE
    C:\Keil_v5\ARM\PACK\ARM\mbedTLS\1.1.1\library\ssl_tls.c 0x00000000   Number         0  ssl_tls.o ABSOLUTE
    C:\Keil_v5\ARM\PACK\ARM\mbedTLS\1.1.1\library\threading.c 0x00000000   Number         0  threading.o ABSOLUTE
    C:\Keil_v5\ARM\PACK\ARM\mbedTLS\1.1.1\library\timing.c 0x00000000   Number         0  timing.o ABSOLUTE
    C:\Keil_v5\ARM\PACK\ARM\mbedTLS\1.1.1\library\version.c 0x00000000   Number         0  version.o ABSOLUTE
    C:\Keil_v5\ARM\PACK\ARM\mbedTLS\1.1.1\library\version_features.c 0x00000000   Number         0  version_features.o ABSOLUTE
    C:\Keil_v5\ARM\PACK\ARM\mbedTLS\1.1.1\library\x509.c 0x00000000   Number         0  x509.o ABSOLUTE
    C:\Keil_v5\ARM\PACK\ARM\mbedTLS\1.1.1\library\x509_create.c 0x00000000   Number         0  x509_create.o ABSOLUTE
    C:\Keil_v5\ARM\PACK\ARM\mbedTLS\1.1.1\library\x509_crl.c 0x00000000   Number         0  x509_crl.o ABSOLUTE
    C:\Keil_v5\ARM\PACK\ARM\mbedTLS\1.1.1\library\x509_crt.c 0x00000000   Number         0  x509_crt.o ABSOLUTE
    C:\Keil_v5\ARM\PACK\ARM\mbedTLS\1.1.1\library\x509_csr.c 0x00000000   Number         0  x509_csr.o ABSOLUTE
    C:\Keil_v5\ARM\PACK\ARM\mbedTLS\1.1.1\library\x509write_crt.c 0x00000000   Number         0  x509write_crt.o ABSOLUTE
    C:\Keil_v5\ARM\PACK\ARM\mbedTLS\1.1.1\library\x509write_csr.c 0x00000000   Number         0  x509write_csr.o ABSOLUTE
    C:\Keil_v5\ARM\PACK\ARM\mbedTLS\1.1.1\library\xtea.c 0x00000000   Number         0  xtea.o ABSOLUTE
    C:\Keil_v5\ARM\PACK\Keil\STM32F1xx_DFP\2.1.0\Device\StdPeriph_Driver\src\misc.c 0x00000000   Number         0  misc.o ABSOLUTE
    C:\Keil_v5\ARM\PACK\Keil\STM32F1xx_DFP\2.1.0\Device\StdPeriph_Driver\src\stm32f10x_adc.c 0x00000000   Number         0  stm32f10x_adc.o ABSOLUTE
    C:\Keil_v5\ARM\PACK\Keil\STM32F1xx_DFP\2.1.0\Device\StdPeriph_Driver\src\stm32f10x_flash.c 0x00000000   Number         0  stm32f10x_flash.o ABSOLUTE
    C:\Keil_v5\ARM\PACK\Keil\STM32F1xx_DFP\2.1.0\Device\StdPeriph_Driver\src\stm32f10x_gpio.c 0x00000000   Number         0  stm32f10x_gpio.o ABSOLUTE
    C:\Keil_v5\ARM\PACK\Keil\STM32F1xx_DFP\2.1.0\Device\StdPeriph_Driver\src\stm32f10x_i2c.c 0x00000000   Number         0  stm32f10x_i2c.o ABSOLUTE
    C:\Keil_v5\ARM\PACK\Keil\STM32F1xx_DFP\2.1.0\Device\StdPeriph_Driver\src\stm32f10x_rcc.c 0x00000000   Number         0  stm32f10x_rcc.o ABSOLUTE
    C:\Keil_v5\ARM\PACK\Keil\STM32F1xx_DFP\2.1.0\Device\StdPeriph_Driver\src\stm32f10x_rtc.c 0x00000000   Number         0  stm32f10x_rtc.o ABSOLUTE
    C:\Keil_v5\ARM\PACK\Keil\STM32F1xx_DFP\2.1.0\Device\StdPeriph_Driver\src\stm32f10x_tim.c 0x00000000   Number         0  stm32f10x_tim.o ABSOLUTE
    C:\Keil_v5\ARM\PACK\Keil\STM32F1xx_DFP\2.1.0\Device\StdPeriph_Driver\src\stm32f10x_usart.c 0x00000000   Number         0  stm32f10x_usart.o ABSOLUTE
    C:\\Keil_v5\\ARM\\PACK\\Keil\\STM32F1xx_DFP\\2.1.0\\Device\\StdPeriph_Driver\\src\\misc.c 0x00000000   Number         0  misc.o ABSOLUTE
    C:\\Keil_v5\\ARM\\PACK\\Keil\\STM32F1xx_DFP\\2.1.0\\Device\\StdPeriph_Driver\\src\\stm32f10x_adc.c 0x00000000   Number         0  stm32f10x_adc.o ABSOLUTE
    C:\\Keil_v5\\ARM\\PACK\\Keil\\STM32F1xx_DFP\\2.1.0\\Device\\StdPeriph_Driver\\src\\stm32f10x_flash.c 0x00000000   Number         0  stm32f10x_flash.o ABSOLUTE
    C:\\Keil_v5\\ARM\\PACK\\Keil\\STM32F1xx_DFP\\2.1.0\\Device\\StdPeriph_Driver\\src\\stm32f10x_gpio.c 0x00000000   Number         0  stm32f10x_gpio.o ABSOLUTE
    C:\\Keil_v5\\ARM\\PACK\\Keil\\STM32F1xx_DFP\\2.1.0\\Device\\StdPeriph_Driver\\src\\stm32f10x_i2c.c 0x00000000   Number         0  stm32f10x_i2c.o ABSOLUTE
    C:\\Keil_v5\\ARM\\PACK\\Keil\\STM32F1xx_DFP\\2.1.0\\Device\\StdPeriph_Driver\\src\\stm32f10x_rcc.c 0x00000000   Number         0  stm32f10x_rcc.o ABSOLUTE
    C:\\Keil_v5\\ARM\\PACK\\Keil\\STM32F1xx_DFP\\2.1.0\\Device\\StdPeriph_Driver\\src\\stm32f10x_rtc.c 0x00000000   Number         0  stm32f10x_rtc.o ABSOLUTE
    C:\\Keil_v5\\ARM\\PACK\\Keil\\STM32F1xx_DFP\\2.1.0\\Device\\StdPeriph_Driver\\src\\stm32f10x_tim.c 0x00000000   Number         0  stm32f10x_tim.o ABSOLUTE
    C:\\Keil_v5\\ARM\\PACK\\Keil\\STM32F1xx_DFP\\2.1.0\\Device\\StdPeriph_Driver\\src\\stm32f10x_usart.c 0x00000000   Number         0  stm32f10x_usart.o ABSOLUTE
    RTE\Device\STM32F103RC\startup_stm32f10x_hd.s 0x00000000   Number         0  startup_stm32f10x_hd.o ABSOLUTE
    RTE\Device\STM32F103RC\system_stm32f10x.c 0x00000000   Number         0  system_stm32f10x.o ABSOLUTE
    RTE\\Device\\STM32F103RC\\system_stm32f10x.c 0x00000000   Number         0  system_stm32f10x.o ABSOLUTE
    USER\AtParser.c                          0x00000000   Number         0  atparser.o ABSOLUTE
    USER\IAP.c                               0x00000000   Number         0  iap.o ABSOLUTE
    USER\USART.c                             0x00000000   Number         0  usart.o ABSOLUTE
    USER\\AtParser.c                         0x00000000   Number         0  atparser.o ABSOLUTE
    USER\\IAP.c                              0x00000000   Number         0  iap.o ABSOLUTE
    USER\\USART.c                            0x00000000   Number         0  usart.o ABSOLUTE
    USER\\connect.c                          0x00000000   Number         0  connect.o ABSOLUTE
    USER\\delay.c                            0x00000000   Number         0  delay.o ABSOLUTE
    USER\\flash.c                            0x00000000   Number         0  flash.o ABSOLUTE
    USER\\logs.c                             0x00000000   Number         0  logs.o ABSOLUTE
    USER\\main.c                             0x00000000   Number         0  main.o ABSOLUTE
    USER\\timer.c                            0x00000000   Number         0  timer.o ABSOLUTE
    USER\appconfig.c                         0x00000000   Number         0  appconfig.o ABSOLUTE
    USER\connect.c                           0x00000000   Number         0  connect.o ABSOLUTE
    USER\delay.c                             0x00000000   Number         0  delay.o ABSOLUTE
    USER\flash.c                             0x00000000   Number         0  flash.o ABSOLUTE
    USER\logs.c                              0x00000000   Number         0  logs.o ABSOLUTE
    USER\main.c                              0x00000000   Number         0  main.o ABSOLUTE
    USER\timer.c                             0x00000000   Number         0  timer.o ABSOLUTE
    cdrcmple.s                               0x00000000   Number         0  cdrcmple.o ABSOLUTE
    dc.s                                     0x00000000   Number         0  dc.o ABSOLUTE
    handlers.s                               0x00000000   Number         0  handlers.o ABSOLUTE
    init.s                                   0x00000000   Number         0  init.o ABSOLUTE
    RESET                                    0x08004000   Section      304  startup_stm32f10x_hd.o(RESET)
    .ARM.Collect$$$$00000000                 0x08004130   Section        0  entry.o(.ARM.Collect$$$$00000000)
    .ARM.Collect$$$$00000001                 0x08004130   Section        4  entry2.o(.ARM.Collect$$$$00000001)
    .ARM.Collect$$$$00000004                 0x08004134   Section        4  entry5.o(.ARM.Collect$$$$00000004)
    .ARM.Collect$$$$00000008                 0x08004138   Section        0  entry7b.o(.ARM.Collect$$$$00000008)
    .ARM.Collect$$$$0000000A                 0x08004138   Section        0  entry8b.o(.ARM.Collect$$$$0000000A)
    .ARM.Collect$$$$0000000B                 0x08004138   Section        8  entry9a.o(.ARM.Collect$$$$0000000B)
    .ARM.Collect$$$$0000000D                 0x08004140   Section        0  entry10a.o(.ARM.Collect$$$$0000000D)
    .ARM.Collect$$$$0000000F                 0x08004140   Section        0  entry11a.o(.ARM.Collect$$$$0000000F)
    .ARM.Collect$$$$00002712                 0x08004140   Section        4  entry2.o(.ARM.Collect$$$$00002712)
    __lit__00000000                          0x08004140   Data           4  entry2.o(.ARM.Collect$$$$00002712)
    .text                                    0x08004144   Section       36  startup_stm32f10x_hd.o(.text)
    .text                                    0x08004168   Section        0  memcpya.o(.text)
    .text                                    0x0800418c   Section        0  memseta.o(.text)
    .text                                    0x080041b0   Section        0  strstr.o(.text)
    .text                                    0x080041d4   Section        0  strlen.o(.text)
    .text                                    0x080041e2   Section        0  uldiv.o(.text)
    .text                                    0x08004244   Section       36  init.o(.text)
    .text                                    0x08004268   Section        0  llshl.o(.text)
    .text                                    0x08004286   Section        0  llushr.o(.text)
    i.FLASH_ErasePage                        0x080042a8   Section        0  stm32f10x_flash.o(i.FLASH_ErasePage)
    i.FLASH_GetBank1Status                   0x080042f4   Section        0  stm32f10x_flash.o(i.FLASH_GetBank1Status)
    i.FLASH_Lock                             0x08004328   Section        0  stm32f10x_flash.o(i.FLASH_Lock)
    i.FLASH_ProgramHalfWord                  0x0800433c   Section        0  stm32f10x_flash.o(i.FLASH_ProgramHalfWord)
    i.FLASH_Unlock                           0x0800437c   Section        0  stm32f10x_flash.o(i.FLASH_Unlock)
    i.FLASH_WaitForLastOperation             0x08004394   Section        0  stm32f10x_flash.o(i.FLASH_WaitForLastOperation)
    i.GPIO_Init                              0x080043ba   Section        0  stm32f10x_gpio.o(i.GPIO_Init)
    i.GPIO_ReadOutputDataBit                 0x080044d0   Section        0  stm32f10x_gpio.o(i.GPIO_ReadOutputDataBit)
    i.NVIC_Init                              0x080044e4   Section        0  misc.o(i.NVIC_Init)
    i.NVIC_PriorityGroupConfig               0x08004554   Section        0  misc.o(i.NVIC_PriorityGroupConfig)
    i.NVIC_SetVectorTable                    0x08004568   Section        0  misc.o(i.NVIC_SetVectorTable)
    i.NVIC_USART1_Config                     0x0800457c   Section        0  usart.o(i.NVIC_USART1_Config)
    i.NVIC_USART2_Config                     0x080045a2   Section        0  usart.o(i.NVIC_USART2_Config)
    i.RCC_APB1PeriphClockCmd                 0x080045c8   Section        0  stm32f10x_rcc.o(i.RCC_APB1PeriphClockCmd)
    i.RCC_APB1PeriphResetCmd                 0x080045e8   Section        0  stm32f10x_rcc.o(i.RCC_APB1PeriphResetCmd)
    i.RCC_APB2PeriphClockCmd                 0x08004608   Section        0  stm32f10x_rcc.o(i.RCC_APB2PeriphClockCmd)
    i.RCC_APB2PeriphResetCmd                 0x08004628   Section        0  stm32f10x_rcc.o(i.RCC_APB2PeriphResetCmd)
    i.RCC_GetClocksFreq                      0x08004648   Section        0  stm32f10x_rcc.o(i.RCC_GetClocksFreq)
    i.Send_data                              0x0800471c   Section        0  usart.o(i.Send_data)
    i.SetSysClock                            0x08004758   Section        0  system_stm32f10x.o(i.SetSysClock)
    SetSysClock                              0x08004759   Thumb Code     8  system_stm32f10x.o(i.SetSysClock)
    i.SetSysClockTo72                        0x08004760   Section        0  system_stm32f10x.o(i.SetSysClockTo72)
    SetSysClockTo72                          0x08004761   Thumb Code   214  system_stm32f10x.o(i.SetSysClockTo72)
    i.SysTick_CLKSourceConfig                0x08004840   Section        0  misc.o(i.SysTick_CLKSourceConfig)
    i.SystemInit                             0x08004868   Section        0  system_stm32f10x.o(i.SystemInit)
    i.TIM2_Config                            0x080048c8   Section        0  timer.o(i.TIM2_Config)
    i.TIM2_IRQHandler                        0x08004940   Section        0  timer.o(i.TIM2_IRQHandler)
    i.TIM_ClearFlag                          0x080049c8   Section        0  stm32f10x_tim.o(i.TIM_ClearFlag)
    i.TIM_ClearITPendingBit                  0x080049ce   Section        0  stm32f10x_tim.o(i.TIM_ClearITPendingBit)
    i.TIM_Cmd                                0x080049d4   Section        0  stm32f10x_tim.o(i.TIM_Cmd)
    i.TIM_DeInit                             0x080049ec   Section        0  stm32f10x_tim.o(i.TIM_DeInit)
    i.TIM_GetITStatus                        0x08004bd4   Section        0  stm32f10x_tim.o(i.TIM_GetITStatus)
    i.TIM_ITConfig                           0x08004bf6   Section        0  stm32f10x_tim.o(i.TIM_ITConfig)
    i.TIM_TimeBaseInit                       0x08004c08   Section        0  stm32f10x_tim.o(i.TIM_TimeBaseInit)
    i.USART1_IRQHandler                      0x08004cac   Section        0  usart.o(i.USART1_IRQHandler)
    i.USART2_IRQHandler                      0x08004cf8   Section        0  usart.o(i.USART2_IRQHandler)
    i.USART_ClearFlag                        0x08004d68   Section        0  stm32f10x_usart.o(i.USART_ClearFlag)
    i.USART_ClearITPendingBit                0x08004d7a   Section        0  stm32f10x_usart.o(i.USART_ClearITPendingBit)
    i.USART_Cmd                              0x08004d98   Section        0  stm32f10x_usart.o(i.USART_Cmd)
    i.USART_Config                           0x08004db0   Section        0  usart.o(i.USART_Config)
    i.USART_GetFlagStatus                    0x08004ec8   Section        0  stm32f10x_usart.o(i.USART_GetFlagStatus)
    i.USART_GetITStatus                      0x08004ee2   Section        0  stm32f10x_usart.o(i.USART_GetITStatus)
    i.USART_ITConfig                         0x08004f36   Section        0  stm32f10x_usart.o(i.USART_ITConfig)
    i.USART_Init                             0x08004f80   Section        0  stm32f10x_usart.o(i.USART_Init)
    i.USART_ReceiveData                      0x08005058   Section        0  stm32f10x_usart.o(i.USART_ReceiveData)
    i.USART_SendData                         0x08005062   Section        0  stm32f10x_usart.o(i.USART_SendData)
    i.__0printf$8                            0x0800506c   Section        0  printf8.o(i.__0printf$8)
    i.__scatterload_copy                     0x0800508c   Section       14  handlers.o(i.__scatterload_copy)
    i.__scatterload_null                     0x0800509a   Section        2  handlers.o(i.__scatterload_null)
    i.__scatterload_zeroinit                 0x0800509c   Section       14  handlers.o(i.__scatterload_zeroinit)
    i._printf_core                           0x080050ac   Section        0  printf8.o(i._printf_core)
    _printf_core                             0x080050ad   Thumb Code   996  printf8.o(i._printf_core)
    i._printf_post_padding                   0x080054bc   Section        0  printf8.o(i._printf_post_padding)
    _printf_post_padding                     0x080054bd   Thumb Code    36  printf8.o(i._printf_post_padding)
    i._printf_pre_padding                    0x080054e0   Section        0  printf8.o(i._printf_pre_padding)
    _printf_pre_padding                      0x080054e1   Thumb Code    46  printf8.o(i._printf_pre_padding)
    i.d                                      0x08005510   Section        0  logs.o(i.d)
    i.delay_init                             0x08005544   Section        0  delay.o(i.delay_init)
    i.delay_ms                               0x08005580   Section        0  delay.o(i.delay_ms)
    i.fputc                                  0x080055bc   Section        0  logs.o(i.fputc)
    i.listener_USART_BUFF                    0x080055e4   Section        0  usart.o(i.listener_USART_BUFF)
    i.main                                   0x0800560c   Section        0  main.o(i.main)
    i.mbedtls_base64_decode                  0x080056fc   Section        0  base64.o(i.mbedtls_base64_decode)
    i.mbedtls_md5_finish                     0x08005854   Section        0  md5.o(i.mbedtls_md5_finish)
    i.mbedtls_md5_free                       0x08005928   Section        0  md5.o(i.mbedtls_md5_free)
    i.mbedtls_md5_init                       0x0800593c   Section        0  md5.o(i.mbedtls_md5_init)
    i.mbedtls_md5_process                    0x0800594c   Section        0  md5.o(i.mbedtls_md5_process)
    i.mbedtls_md5_starts                     0x08006258   Section        0  md5.o(i.mbedtls_md5_starts)
    i.mbedtls_md5_update                     0x0800627c   Section        0  md5.o(i.mbedtls_md5_update)
    i.mbedtls_zeroize                        0x080062f8   Section        0  md5.o(i.mbedtls_zeroize)
    mbedtls_zeroize                          0x080062f9   Thumb Code    22  md5.o(i.mbedtls_zeroize)
    i.start_IAP                              0x08006310   Section        0  iap.o(i.start_IAP)
    i.write_flash_short_data                 0x0800634c   Section        0  flash.o(i.write_flash_short_data)
    .constdata                               0x08006388   Section      192  base64.o(.constdata)
    base64_enc_map                           0x08006388   Data          64  base64.o(.constdata)
    base64_dec_map                           0x080063c8   Data         128  base64.o(.constdata)
    .constdata                               0x08006448   Section       64  md5.o(.constdata)
    md5_padding                              0x08006448   Data          64  md5.o(.constdata)
    .conststring                             0x08006488   Section       77  usart.o(.conststring)
    .data                                    0x20000000   Section        8  iap.o(.data)
    .data                                    0x20000008   Section        4  delay.o(.data)
    fac_us                                   0x20000008   Data           1  delay.o(.data)
    fac_ms                                   0x2000000a   Data           2  delay.o(.data)
    .data                                    0x2000000c   Section       12  timer.o(.data)
    .data                                    0x20000018   Section       28  usart.o(.data)
    .data                                    0x20000034   Section       20  stm32f10x_rcc.o(.data)
    APBAHBPrescTable                         0x20000034   Data          16  stm32f10x_rcc.o(.data)
    ADCPrescTable                            0x20000044   Data           4  stm32f10x_rcc.o(.data)
    .data                                    0x20000048   Section        4  stdout.o(.data)
    .bss                                     0x2000004c   Section      300  usart.o(.bss)
    STACK                                    0x20000178   Section     1024  startup_stm32f10x_hd.o(STACK)

    Global Symbols

    Symbol Name                              Value     Ov Type        Size  Object(Section)

    BuildAttributes$$THM_ISAv4$P$D$K$B$S$PE$A:L22UL41UL21$X:L11$S22US41US21$IEEE1$IW$USESV6$~STKCKD$USESV7$~SHL$OSPACE$ROPI$EBA8$MICROLIB$REQ8$PRES8$EABIv2 0x00000000   Number         0  anon$$obj.o ABSOLUTE
    __ARM_use_no_argv                        0x00000000   Number         0  main.o ABSOLUTE
    _printf_a                                0x00000000   Number         0  stubs.o ABSOLUTE
    _printf_c                                0x00000000   Number         0  stubs.o ABSOLUTE
    _printf_charcount                        0x00000000   Number         0  stubs.o ABSOLUTE
    _printf_d                                0x00000000   Number         0  stubs.o ABSOLUTE
    _printf_e                                0x00000000   Number         0  stubs.o ABSOLUTE
    _printf_f                                0x00000000   Number         0  stubs.o ABSOLUTE
    _printf_flags                            0x00000000   Number         0  stubs.o ABSOLUTE
    _printf_fp_dec                           0x00000000   Number         0  stubs.o ABSOLUTE
    _printf_fp_hex                           0x00000000   Number         0  stubs.o ABSOLUTE
    _printf_g                                0x00000000   Number         0  stubs.o ABSOLUTE
    _printf_i                                0x00000000   Number         0  stubs.o ABSOLUTE
    _printf_int_dec                          0x00000000   Number         0  stubs.o ABSOLUTE
    _printf_l                                0x00000000   Number         0  stubs.o ABSOLUTE
    _printf_lc                               0x00000000   Number         0  stubs.o ABSOLUTE
    _printf_ll                               0x00000000   Number         0  stubs.o ABSOLUTE
    _printf_lld                              0x00000000   Number         0  stubs.o ABSOLUTE
    _printf_lli                              0x00000000   Number         0  stubs.o ABSOLUTE
    _printf_llo                              0x00000000   Number         0  stubs.o ABSOLUTE
    _printf_llu                              0x00000000   Number         0  stubs.o ABSOLUTE
    _printf_llx                              0x00000000   Number         0  stubs.o ABSOLUTE
    _printf_longlong_dec                     0x00000000   Number         0  stubs.o ABSOLUTE
    _printf_longlong_hex                     0x00000000   Number         0  stubs.o ABSOLUTE
    _printf_longlong_oct                     0x00000000   Number         0  stubs.o ABSOLUTE
    _printf_ls                               0x00000000   Number         0  stubs.o ABSOLUTE
    _printf_mbtowc                           0x00000000   Number         0  stubs.o ABSOLUTE
    _printf_n                                0x00000000   Number         0  stubs.o ABSOLUTE
    _printf_o                                0x00000000   Number         0  stubs.o ABSOLUTE
    _printf_p                                0x00000000   Number         0  stubs.o ABSOLUTE
    _printf_percent                          0x00000000   Number         0  stubs.o ABSOLUTE
    _printf_pre_padding                      0x00000000   Number         0  stubs.o ABSOLUTE
    _printf_return_value                     0x00000000   Number         0  stubs.o ABSOLUTE
    _printf_s                                0x00000000   Number         0  stubs.o ABSOLUTE
    _printf_sizespec                         0x00000000   Number         0  stubs.o ABSOLUTE
    _printf_str                              0x00000000   Number         0  stubs.o ABSOLUTE
    _printf_truncate_signed                  0x00000000   Number         0  stubs.o ABSOLUTE
    _printf_truncate_unsigned                0x00000000   Number         0  stubs.o ABSOLUTE
    _printf_u                                0x00000000   Number         0  stubs.o ABSOLUTE
    _printf_wc                               0x00000000   Number         0  stubs.o ABSOLUTE
    _printf_wctomb                           0x00000000   Number         0  stubs.o ABSOLUTE
    _printf_widthprec                        0x00000000   Number         0  stubs.o ABSOLUTE
    _printf_x                                0x00000000   Number         0  stubs.o ABSOLUTE
    __cpp_initialize__aeabi_                  - Undefined Weak Reference
    __cxa_finalize                            - Undefined Weak Reference
    __decompress                              - Undefined Weak Reference
    _clock_init                               - Undefined Weak Reference
    _microlib_exit                            - Undefined Weak Reference
    __Vectors_Size                           0x00000130   Number         0  startup_stm32f10x_hd.o ABSOLUTE
    __Vectors                                0x08004000   Data           4  startup_stm32f10x_hd.o(RESET)
    __Vectors_End                            0x08004130   Data           0  startup_stm32f10x_hd.o(RESET)
    __main                                   0x08004131   Thumb Code     0  entry.o(.ARM.Collect$$$$00000000)
    _main_stk                                0x08004131   Thumb Code     0  entry2.o(.ARM.Collect$$$$00000001)
    _main_scatterload                        0x08004135   Thumb Code     0  entry5.o(.ARM.Collect$$$$00000004)
    __main_after_scatterload                 0x08004139   Thumb Code     0  entry5.o(.ARM.Collect$$$$00000004)
    _main_clock                              0x08004139   Thumb Code     0  entry7b.o(.ARM.Collect$$$$00000008)
    _main_cpp_init                           0x08004139   Thumb Code     0  entry8b.o(.ARM.Collect$$$$0000000A)
    _main_init                               0x08004139   Thumb Code     0  entry9a.o(.ARM.Collect$$$$0000000B)
    __rt_final_cpp                           0x08004141   Thumb Code     0  entry10a.o(.ARM.Collect$$$$0000000D)
    __rt_final_exit                          0x08004141   Thumb Code     0  entry11a.o(.ARM.Collect$$$$0000000F)
    Reset_Handler                            0x08004145   Thumb Code     8  startup_stm32f10x_hd.o(.text)
    NMI_Handler                              0x0800414d   Thumb Code     2  startup_stm32f10x_hd.o(.text)
    HardFault_Handler                        0x0800414f   Thumb Code     2  startup_stm32f10x_hd.o(.text)
    MemManage_Handler                        0x08004151   Thumb Code     2  startup_stm32f10x_hd.o(.text)
    BusFault_Handler                         0x08004153   Thumb Code     2  startup_stm32f10x_hd.o(.text)
    UsageFault_Handler                       0x08004155   Thumb Code     2  startup_stm32f10x_hd.o(.text)
    SVC_Handler                              0x08004157   Thumb Code     2  startup_stm32f10x_hd.o(.text)
    DebugMon_Handler                         0x08004159   Thumb Code     2  startup_stm32f10x_hd.o(.text)
    PendSV_Handler                           0x0800415b   Thumb Code     2  startup_stm32f10x_hd.o(.text)
    SysTick_Handler                          0x0800415d   Thumb Code     2  startup_stm32f10x_hd.o(.text)
    ADC1_2_IRQHandler                        0x0800415f   Thumb Code     0  startup_stm32f10x_hd.o(.text)
    ADC3_IRQHandler                          0x0800415f   Thumb Code     0  startup_stm32f10x_hd.o(.text)
    CAN1_RX1_IRQHandler                      0x0800415f   Thumb Code     0  startup_stm32f10x_hd.o(.text)
    CAN1_SCE_IRQHandler                      0x0800415f   Thumb Code     0  startup_stm32f10x_hd.o(.text)
    DMA1_Channel1_IRQHandler                 0x0800415f   Thumb Code     0  startup_stm32f10x_hd.o(.text)
    DMA1_Channel2_IRQHandler                 0x0800415f   Thumb Code     0  startup_stm32f10x_hd.o(.text)
    DMA1_Channel3_IRQHandler                 0x0800415f   Thumb Code     0  startup_stm32f10x_hd.o(.text)
    DMA1_Channel4_IRQHandler                 0x0800415f   Thumb Code     0  startup_stm32f10x_hd.o(.text)
    DMA1_Channel5_IRQHandler                 0x0800415f   Thumb Code     0  startup_stm32f10x_hd.o(.text)
    DMA1_Channel6_IRQHandler                 0x0800415f   Thumb Code     0  startup_stm32f10x_hd.o(.text)
    DMA1_Channel7_IRQHandler                 0x0800415f   Thumb Code     0  startup_stm32f10x_hd.o(.text)
    DMA2_Channel1_IRQHandler                 0x0800415f   Thumb Code     0  startup_stm32f10x_hd.o(.text)
    DMA2_Channel2_IRQHandler                 0x0800415f   Thumb Code     0  startup_stm32f10x_hd.o(.text)
    DMA2_Channel3_IRQHandler                 0x0800415f   Thumb Code     0  startup_stm32f10x_hd.o(.text)
    DMA2_Channel4_5_IRQHandler               0x0800415f   Thumb Code     0  startup_stm32f10x_hd.o(.text)
    EXTI0_IRQHandler                         0x0800415f   Thumb Code     0  startup_stm32f10x_hd.o(.text)
    EXTI15_10_IRQHandler                     0x0800415f   Thumb Code     0  startup_stm32f10x_hd.o(.text)
    EXTI1_IRQHandler                         0x0800415f   Thumb Code     0  startup_stm32f10x_hd.o(.text)
    EXTI2_IRQHandler                         0x0800415f   Thumb Code     0  startup_stm32f10x_hd.o(.text)
    EXTI3_IRQHandler                         0x0800415f   Thumb Code     0  startup_stm32f10x_hd.o(.text)
    EXTI4_IRQHandler                         0x0800415f   Thumb Code     0  startup_stm32f10x_hd.o(.text)
    EXTI9_5_IRQHandler                       0x0800415f   Thumb Code     0  startup_stm32f10x_hd.o(.text)
    FLASH_IRQHandler                         0x0800415f   Thumb Code     0  startup_stm32f10x_hd.o(.text)
    FSMC_IRQHandler                          0x0800415f   Thumb Code     0  startup_stm32f10x_hd.o(.text)
    I2C1_ER_IRQHandler                       0x0800415f   Thumb Code     0  startup_stm32f10x_hd.o(.text)
    I2C1_EV_IRQHandler                       0x0800415f   Thumb Code     0  startup_stm32f10x_hd.o(.text)
    I2C2_ER_IRQHandler                       0x0800415f   Thumb Code     0  startup_stm32f10x_hd.o(.text)
    I2C2_EV_IRQHandler                       0x0800415f   Thumb Code     0  startup_stm32f10x_hd.o(.text)
    PVD_IRQHandler                           0x0800415f   Thumb Code     0  startup_stm32f10x_hd.o(.text)
    RCC_IRQHandler                           0x0800415f   Thumb Code     0  startup_stm32f10x_hd.o(.text)
    RTCAlarm_IRQHandler                      0x0800415f   Thumb Code     0  startup_stm32f10x_hd.o(.text)
    RTC_IRQHandler                           0x0800415f   Thumb Code     0  startup_stm32f10x_hd.o(.text)
    SDIO_IRQHandler                          0x0800415f   Thumb Code     0  startup_stm32f10x_hd.o(.text)
    SPI1_IRQHandler                          0x0800415f   Thumb Code     0  startup_stm32f10x_hd.o(.text)
    SPI2_IRQHandler                          0x0800415f   Thumb Code     0  startup_stm32f10x_hd.o(.text)
    SPI3_IRQHandler                          0x0800415f   Thumb Code     0  startup_stm32f10x_hd.o(.text)
    TAMPER_IRQHandler                        0x0800415f   Thumb Code     0  startup_stm32f10x_hd.o(.text)
    TIM1_BRK_IRQHandler                      0x0800415f   Thumb Code     0  startup_stm32f10x_hd.o(.text)
    TIM1_CC_IRQHandler                       0x0800415f   Thumb Code     0  startup_stm32f10x_hd.o(.text)
    TIM1_TRG_COM_IRQHandler                  0x0800415f   Thumb Code     0  startup_stm32f10x_hd.o(.text)
    TIM1_UP_IRQHandler                       0x0800415f   Thumb Code     0  startup_stm32f10x_hd.o(.text)
    TIM3_IRQHandler                          0x0800415f   Thumb Code     0  startup_stm32f10x_hd.o(.text)
    TIM4_IRQHandler                          0x0800415f   Thumb Code     0  startup_stm32f10x_hd.o(.text)
    TIM5_IRQHandler                          0x0800415f   Thumb Code     0  startup_stm32f10x_hd.o(.text)
    TIM6_IRQHandler                          0x0800415f   Thumb Code     0  startup_stm32f10x_hd.o(.text)
    TIM7_IRQHandler                          0x0800415f   Thumb Code     0  startup_stm32f10x_hd.o(.text)
    TIM8_BRK_IRQHandler                      0x0800415f   Thumb Code     0  startup_stm32f10x_hd.o(.text)
    TIM8_CC_IRQHandler                       0x0800415f   Thumb Code     0  startup_stm32f10x_hd.o(.text)
    TIM8_TRG_COM_IRQHandler                  0x0800415f   Thumb Code     0  startup_stm32f10x_hd.o(.text)
    TIM8_UP_IRQHandler                       0x0800415f   Thumb Code     0  startup_stm32f10x_hd.o(.text)
    UART4_IRQHandler                         0x0800415f   Thumb Code     0  startup_stm32f10x_hd.o(.text)
    UART5_IRQHandler                         0x0800415f   Thumb Code     0  startup_stm32f10x_hd.o(.text)
    USART3_IRQHandler                        0x0800415f   Thumb Code     0  startup_stm32f10x_hd.o(.text)
    USBWakeUp_IRQHandler                     0x0800415f   Thumb Code     0  startup_stm32f10x_hd.o(.text)
    USB_HP_CAN1_TX_IRQHandler                0x0800415f   Thumb Code     0  startup_stm32f10x_hd.o(.text)
    USB_LP_CAN1_RX0_IRQHandler               0x0800415f   Thumb Code     0  startup_stm32f10x_hd.o(.text)
    WWDG_IRQHandler                          0x0800415f   Thumb Code     0  startup_stm32f10x_hd.o(.text)
    __aeabi_memcpy                           0x08004169   Thumb Code    36  memcpya.o(.text)
    __aeabi_memcpy4                          0x08004169   Thumb Code     0  memcpya.o(.text)
    __aeabi_memcpy8                          0x08004169   Thumb Code     0  memcpya.o(.text)
    __aeabi_memset                           0x0800418d   Thumb Code    14  memseta.o(.text)
    __aeabi_memset4                          0x0800418d   Thumb Code     0  memseta.o(.text)
    __aeabi_memset8                          0x0800418d   Thumb Code     0  memseta.o(.text)
    __aeabi_memclr                           0x0800419b   Thumb Code     4  memseta.o(.text)
    __aeabi_memclr4                          0x0800419b   Thumb Code     0  memseta.o(.text)
    __aeabi_memclr8                          0x0800419b   Thumb Code     0  memseta.o(.text)
    _memset$wrapper                          0x0800419f   Thumb Code    18  memseta.o(.text)
    strstr                                   0x080041b1   Thumb Code    36  strstr.o(.text)
    strlen                                   0x080041d5   Thumb Code    14  strlen.o(.text)
    __aeabi_uldivmod                         0x080041e3   Thumb Code    98  uldiv.o(.text)
    __scatterload                            0x08004245   Thumb Code    28  init.o(.text)
    __scatterload_rt2                        0x08004245   Thumb Code     0  init.o(.text)
    __aeabi_llsl                             0x08004269   Thumb Code    30  llshl.o(.text)
    _ll_shift_l                              0x08004269   Thumb Code     0  llshl.o(.text)
    __aeabi_llsr                             0x08004287   Thumb Code    32  llushr.o(.text)
    _ll_ushift_r                             0x08004287   Thumb Code     0  llushr.o(.text)
    FLASH_ErasePage                          0x080042a9   Thumb Code    72  stm32f10x_flash.o(i.FLASH_ErasePage)
    FLASH_GetBank1Status                     0x080042f5   Thumb Code    48  stm32f10x_flash.o(i.FLASH_GetBank1Status)
    FLASH_Lock                               0x08004329   Thumb Code    14  stm32f10x_flash.o(i.FLASH_Lock)
    FLASH_ProgramHalfWord                    0x0800433d   Thumb Code    60  stm32f10x_flash.o(i.FLASH_ProgramHalfWord)
    FLASH_Unlock                             0x0800437d   Thumb Code    12  stm32f10x_flash.o(i.FLASH_Unlock)
    FLASH_WaitForLastOperation               0x08004395   Thumb Code    38  stm32f10x_flash.o(i.FLASH_WaitForLastOperation)
    GPIO_Init                                0x080043bb   Thumb Code   278  stm32f10x_gpio.o(i.GPIO_Init)
    GPIO_ReadOutputDataBit                   0x080044d1   Thumb Code    18  stm32f10x_gpio.o(i.GPIO_ReadOutputDataBit)
    NVIC_Init                                0x080044e5   Thumb Code   100  misc.o(i.NVIC_Init)
    NVIC_PriorityGroupConfig                 0x08004555   Thumb Code    10  misc.o(i.NVIC_PriorityGroupConfig)
    NVIC_SetVectorTable                      0x08004569   Thumb Code    12  misc.o(i.NVIC_SetVectorTable)
    NVIC_USART1_Config                       0x0800457d   Thumb Code    38  usart.o(i.NVIC_USART1_Config)
    NVIC_USART2_Config                       0x080045a3   Thumb Code    38  usart.o(i.NVIC_USART2_Config)
    RCC_APB1PeriphClockCmd                   0x080045c9   Thumb Code    26  stm32f10x_rcc.o(i.RCC_APB1PeriphClockCmd)
    RCC_APB1PeriphResetCmd                   0x080045e9   Thumb Code    26  stm32f10x_rcc.o(i.RCC_APB1PeriphResetCmd)
    RCC_APB2PeriphClockCmd                   0x08004609   Thumb Code    26  stm32f10x_rcc.o(i.RCC_APB2PeriphClockCmd)
    RCC_APB2PeriphResetCmd                   0x08004629   Thumb Code    26  stm32f10x_rcc.o(i.RCC_APB2PeriphResetCmd)
    RCC_GetClocksFreq                        0x08004649   Thumb Code   192  stm32f10x_rcc.o(i.RCC_GetClocksFreq)
    Send_data                                0x0800471d   Thumb Code    50  usart.o(i.Send_data)
    SysTick_CLKSourceConfig                  0x08004841   Thumb Code    40  misc.o(i.SysTick_CLKSourceConfig)
    SystemInit                               0x08004869   Thumb Code    76  system_stm32f10x.o(i.SystemInit)
    TIM2_Config                              0x080048c9   Thumb Code   120  timer.o(i.TIM2_Config)
    TIM2_IRQHandler                          0x08004941   Thumb Code   120  timer.o(i.TIM2_IRQHandler)
    TIM_ClearFlag                            0x080049c9   Thumb Code     6  stm32f10x_tim.o(i.TIM_ClearFlag)
    TIM_ClearITPendingBit                    0x080049cf   Thumb Code     6  stm32f10x_tim.o(i.TIM_ClearITPendingBit)
    TIM_Cmd                                  0x080049d5   Thumb Code    24  stm32f10x_tim.o(i.TIM_Cmd)
    TIM_DeInit                               0x080049ed   Thumb Code   424  stm32f10x_tim.o(i.TIM_DeInit)
    TIM_GetITStatus                          0x08004bd5   Thumb Code    34  stm32f10x_tim.o(i.TIM_GetITStatus)
    TIM_ITConfig                             0x08004bf7   Thumb Code    18  stm32f10x_tim.o(i.TIM_ITConfig)
    TIM_TimeBaseInit                         0x08004c09   Thumb Code   122  stm32f10x_tim.o(i.TIM_TimeBaseInit)
    USART1_IRQHandler                        0x08004cad   Thumb Code    64  usart.o(i.USART1_IRQHandler)
    USART2_IRQHandler                        0x08004cf9   Thumb Code    96  usart.o(i.USART2_IRQHandler)
    USART_ClearFlag                          0x08004d69   Thumb Code    18  stm32f10x_usart.o(i.USART_ClearFlag)
    USART_ClearITPendingBit                  0x08004d7b   Thumb Code    30  stm32f10x_usart.o(i.USART_ClearITPendingBit)
    USART_Cmd                                0x08004d99   Thumb Code    24  stm32f10x_usart.o(i.USART_Cmd)
    USART_Config                             0x08004db1   Thumb Code   266  usart.o(i.USART_Config)
    USART_GetFlagStatus                      0x08004ec9   Thumb Code    26  stm32f10x_usart.o(i.USART_GetFlagStatus)
    USART_GetITStatus                        0x08004ee3   Thumb Code    84  stm32f10x_usart.o(i.USART_GetITStatus)
    USART_ITConfig                           0x08004f37   Thumb Code    74  stm32f10x_usart.o(i.USART_ITConfig)
    USART_Init                               0x08004f81   Thumb Code   210  stm32f10x_usart.o(i.USART_Init)
    USART_ReceiveData                        0x08005059   Thumb Code    10  stm32f10x_usart.o(i.USART_ReceiveData)
    USART_SendData                           0x08005063   Thumb Code     8  stm32f10x_usart.o(i.USART_SendData)
    __0printf$8                              0x0800506d   Thumb Code    22  printf8.o(i.__0printf$8)
    __1printf$8                              0x0800506d   Thumb Code     0  printf8.o(i.__0printf$8)
    __2printf                                0x0800506d   Thumb Code     0  printf8.o(i.__0printf$8)
    __scatterload_copy                       0x0800508d   Thumb Code    14  handlers.o(i.__scatterload_copy)
    __scatterload_null                       0x0800509b   Thumb Code     2  handlers.o(i.__scatterload_null)
    __scatterload_zeroinit                   0x0800509d   Thumb Code    14  handlers.o(i.__scatterload_zeroinit)
    d                                        0x08005511   Thumb Code    46  logs.o(i.d)
    delay_init                               0x08005545   Thumb Code    52  delay.o(i.delay_init)
    delay_ms                                 0x08005581   Thumb Code    56  delay.o(i.delay_ms)
    fputc                                    0x080055bd   Thumb Code    36  logs.o(i.fputc)
    listener_USART_BUFF                      0x080055e5   Thumb Code    20  usart.o(i.listener_USART_BUFF)
    main                                     0x0800560d   Thumb Code   208  main.o(i.main)
    mbedtls_base64_decode                    0x080056fd   Thumb Code   338  base64.o(i.mbedtls_base64_decode)
    mbedtls_md5_finish                       0x08005855   Thumb Code   206  md5.o(i.mbedtls_md5_finish)
    mbedtls_md5_free                         0x08005929   Thumb Code    20  md5.o(i.mbedtls_md5_free)
    mbedtls_md5_init                         0x0800593d   Thumb Code    14  md5.o(i.mbedtls_md5_init)
    mbedtls_md5_process                      0x0800594d   Thumb Code  2220  md5.o(i.mbedtls_md5_process)
    mbedtls_md5_starts                       0x08006259   Thumb Code    26  md5.o(i.mbedtls_md5_starts)
    mbedtls_md5_update                       0x0800627d   Thumb Code   124  md5.o(i.mbedtls_md5_update)
    start_IAP                                0x08006311   Thumb Code    50  iap.o(i.start_IAP)
    write_flash_short_data                   0x0800634d   Thumb Code    60  flash.o(i.write_flash_short_data)
    Region$$Table$$Base                      0x080064d8   Number         0  anon$$obj.o(Region$$Table)
    Region$$Table$$Limit                     0x080064f8   Number         0  anon$$obj.o(Region$$Table)
    start_addr                               0x20000000   Data           4  iap.o(.data)
    Jump_To_Application                      0x20000004   Data           4  iap.o(.data)
    sec_count                                0x2000000c   Data           4  timer.o(.data)
    check_ount                               0x20000010   Data           4  timer.o(.data)
    at_wait_time                             0x20000014   Data           4  timer.o(.data)
    USART1_rx_index                          0x20000018   Data           4  usart.o(.data)
    USART2_rx_index                          0x2000001c   Data           4  usart.o(.data)
    INIT_GMS_AT_TABLE                        0x20000020   Data          20  usart.o(.data)
    __stdout                                 0x20000048   Data           4  stdout.o(.data)
    USART1_rx_buff                           0x2000004c   Data         150  usart.o(.bss)
    USART2_rx_buff                           0x200000e2   Data         150  usart.o(.bss)
    __initial_sp                             0x20000578   Data           0  startup_stm32f10x_hd.o(STACK)



==============================================================================

Memory Map of the image

  Image Entry point : 0x08004131

  Load Region LR_IROM1 (Base: 0x08004000, Size: 0x00002544, Max: 0x00010000, ABSOLUTE)

    Execution Region ER_IROM1 (Base: 0x08004000, Size: 0x000024f8, Max: 0x00010000, ABSOLUTE)

    Base Addr    Size         Type   Attr      Idx    E Section Name        Object

    0x08004000   0x00000130   Data   RO         2276    RESET               startup_stm32f10x_hd.o
    0x08004130   0x00000000   Code   RO         3018  * .ARM.Collect$$$$00000000  mc_w.l(entry.o)
    0x08004130   0x00000004   Code   RO         3294    .ARM.Collect$$$$00000001  mc_w.l(entry2.o)
    0x08004134   0x00000004   Code   RO         3297    .ARM.Collect$$$$00000004  mc_w.l(entry5.o)
    0x08004138   0x00000000   Code   RO         3299    .ARM.Collect$$$$00000008  mc_w.l(entry7b.o)
    0x08004138   0x00000000   Code   RO         3301    .ARM.Collect$$$$0000000A  mc_w.l(entry8b.o)
    0x08004138   0x00000008   Code   RO         3302    .ARM.Collect$$$$0000000B  mc_w.l(entry9a.o)
    0x08004140   0x00000000   Code   RO         3304    .ARM.Collect$$$$0000000D  mc_w.l(entry10a.o)
    0x08004140   0x00000000   Code   RO         3306    .ARM.Collect$$$$0000000F  mc_w.l(entry11a.o)
    0x08004140   0x00000004   Code   RO         3295    .ARM.Collect$$$$00002712  mc_w.l(entry2.o)
    0x08004144   0x00000024   Code   RO         2277    .text               startup_stm32f10x_hd.o
    0x08004168   0x00000024   Code   RO         3023    .text               mc_w.l(memcpya.o)
    0x0800418c   0x00000024   Code   RO         3025    .text               mc_w.l(memseta.o)
    0x080041b0   0x00000024   Code   RO         3027    .text               mc_w.l(strstr.o)
    0x080041d4   0x0000000e   Code   RO         3029    .text               mc_w.l(strlen.o)
    0x080041e2   0x00000062   Code   RO         3311    .text               mc_w.l(uldiv.o)
    0x08004244   0x00000024   Code   RO         3324    .text               mc_w.l(init.o)
    0x08004268   0x0000001e   Code   RO         3326    .text               mc_w.l(llshl.o)
    0x08004286   0x00000020   Code   RO         3328    .text               mc_w.l(llushr.o)
    0x080042a6   0x00000002   PAD
    0x080042a8   0x0000004c   Code   RO         2335    i.FLASH_ErasePage   stm32f10x_flash.o
    0x080042f4   0x00000034   Code   RO         2336    i.FLASH_GetBank1Status  stm32f10x_flash.o
    0x08004328   0x00000014   Code   RO         2345    i.FLASH_Lock        stm32f10x_flash.o
    0x0800433c   0x00000040   Code   RO         2348    i.FLASH_ProgramHalfWord  stm32f10x_flash.o
    0x0800437c   0x00000018   Code   RO         2353    i.FLASH_Unlock      stm32f10x_flash.o
    0x08004394   0x00000026   Code   RO         2357    i.FLASH_WaitForLastOperation  stm32f10x_flash.o
    0x080043ba   0x00000116   Code   RO          875    i.GPIO_Init         stm32f10x_gpio.o
    0x080044d0   0x00000012   Code   RO          881    i.GPIO_ReadOutputDataBit  stm32f10x_gpio.o
    0x080044e2   0x00000002   PAD
    0x080044e4   0x00000070   Code   RO          587    i.NVIC_Init         misc.o
    0x08004554   0x00000014   Code   RO          588    i.NVIC_PriorityGroupConfig  misc.o
    0x08004568   0x00000014   Code   RO          589    i.NVIC_SetVectorTable  misc.o
    0x0800457c   0x00000026   Code   RO          353    i.NVIC_USART1_Config  usart.o
    0x080045a2   0x00000026   Code   RO          354    i.NVIC_USART2_Config  usart.o
    0x080045c8   0x00000020   Code   RO         1213    i.RCC_APB1PeriphClockCmd  stm32f10x_rcc.o
    0x080045e8   0x00000020   Code   RO         1214    i.RCC_APB1PeriphResetCmd  stm32f10x_rcc.o
    0x08004608   0x00000020   Code   RO         1215    i.RCC_APB2PeriphClockCmd  stm32f10x_rcc.o
    0x08004628   0x00000020   Code   RO         1216    i.RCC_APB2PeriphResetCmd  stm32f10x_rcc.o
    0x08004648   0x000000d4   Code   RO         1223    i.RCC_GetClocksFreq  stm32f10x_rcc.o
    0x0800471c   0x0000003c   Code   RO          355    i.Send_data         usart.o
    0x08004758   0x00000008   Code   RO         2284    i.SetSysClock       system_stm32f10x.o
    0x08004760   0x000000e0   Code   RO         2285    i.SetSysClockTo72   system_stm32f10x.o
    0x08004840   0x00000028   Code   RO          591    i.SysTick_CLKSourceConfig  misc.o
    0x08004868   0x00000060   Code   RO         2287    i.SystemInit        system_stm32f10x.o
    0x080048c8   0x00000078   Code   RO          307    i.TIM2_Config       timer.o
    0x08004940   0x00000088   Code   RO          308    i.TIM2_IRQHandler   timer.o
    0x080049c8   0x00000006   Code   RO         1535    i.TIM_ClearFlag     stm32f10x_tim.o
    0x080049ce   0x00000006   Code   RO         1536    i.TIM_ClearITPendingBit  stm32f10x_tim.o
    0x080049d4   0x00000018   Code   RO         1541    i.TIM_Cmd           stm32f10x_tim.o
    0x080049ec   0x000001e8   Code   RO         1546    i.TIM_DeInit        stm32f10x_tim.o
    0x08004bd4   0x00000022   Code   RO         1562    i.TIM_GetITStatus   stm32f10x_tim.o
    0x08004bf6   0x00000012   Code   RO         1566    i.TIM_ITConfig      stm32f10x_tim.o
    0x08004c08   0x000000a4   Code   RO         1612    i.TIM_TimeBaseInit  stm32f10x_tim.o
    0x08004cac   0x0000004c   Code   RO          356    i.USART1_IRQHandler  usart.o
    0x08004cf8   0x00000070   Code   RO          357    i.USART2_IRQHandler  usart.o
    0x08004d68   0x00000012   Code   RO         2085    i.USART_ClearFlag   stm32f10x_usart.o
    0x08004d7a   0x0000001e   Code   RO         2086    i.USART_ClearITPendingBit  stm32f10x_usart.o
    0x08004d98   0x00000018   Code   RO         2089    i.USART_Cmd         stm32f10x_usart.o
    0x08004db0   0x00000118   Code   RO          358    i.USART_Config      usart.o
    0x08004ec8   0x0000001a   Code   RO         2092    i.USART_GetFlagStatus  stm32f10x_usart.o
    0x08004ee2   0x00000054   Code   RO         2093    i.USART_GetITStatus  stm32f10x_usart.o
    0x08004f36   0x0000004a   Code   RO         2095    i.USART_ITConfig    stm32f10x_usart.o
    0x08004f80   0x000000d8   Code   RO         2096    i.USART_Init        stm32f10x_usart.o
    0x08005058   0x0000000a   Code   RO         2103    i.USART_ReceiveData  stm32f10x_usart.o
    0x08005062   0x00000008   Code   RO         2106    i.USART_SendData    stm32f10x_usart.o
    0x0800506a   0x00000002   PAD
    0x0800506c   0x00000020   Code   RO         3240    i.__0printf$8       mc_w.l(printf8.o)
    0x0800508c   0x0000000e   Code   RO         3336    i.__scatterload_copy  mc_w.l(handlers.o)
    0x0800509a   0x00000002   Code   RO         3337    i.__scatterload_null  mc_w.l(handlers.o)
    0x0800509c   0x0000000e   Code   RO         3338    i.__scatterload_zeroinit  mc_w.l(handlers.o)
    0x080050aa   0x00000002   PAD
    0x080050ac   0x00000410   Code   RO         3247    i._printf_core      mc_w.l(printf8.o)
    0x080054bc   0x00000024   Code   RO         3248    i._printf_post_padding  mc_w.l(printf8.o)
    0x080054e0   0x0000002e   Code   RO         3249    i._printf_pre_padding  mc_w.l(printf8.o)
    0x0800550e   0x00000002   PAD
    0x08005510   0x00000034   Code   RO          274    i.d                 logs.o
    0x08005544   0x0000003c   Code   RO          236    i.delay_init        delay.o
    0x08005580   0x0000003c   Code   RO          237    i.delay_ms          delay.o
    0x080055bc   0x00000028   Code   RO          275    i.fputc             logs.o
    0x080055e4   0x00000028   Code   RO          361    i.listener_USART_BUFF  usart.o
    0x0800560c   0x000000f0   Code   RO            5    i.main              main.o
    0x080056fc   0x00000158   Code   RO         2540    i.mbedtls_base64_decode  base64.o
    0x08005854   0x000000d4   Code   RO         2722    i.mbedtls_md5_finish  md5.o
    0x08005928   0x00000014   Code   RO         2723    i.mbedtls_md5_free  md5.o
    0x0800593c   0x0000000e   Code   RO         2724    i.mbedtls_md5_init  md5.o
    0x0800594a   0x00000002   PAD
    0x0800594c   0x0000090c   Code   RO         2725    i.mbedtls_md5_process  md5.o
    0x08006258   0x00000024   Code   RO         2726    i.mbedtls_md5_starts  md5.o
    0x0800627c   0x0000007c   Code   RO         2727    i.mbedtls_md5_update  md5.o
    0x080062f8   0x00000016   Code   RO         2728    i.mbedtls_zeroize   md5.o
    0x0800630e   0x00000002   PAD
    0x08006310   0x0000003c   Code   RO          146    i.start_IAP         iap.o
    0x0800634c   0x0000003c   Code   RO          186    i.write_flash_short_data  flash.o
    0x08006388   0x000000c0   Data   RO         2542    .constdata          base64.o
    0x08006448   0x00000040   Data   RO         2729    .constdata          md5.o
    0x08006488   0x0000004d   Data   RO          364    .conststring        usart.o
    0x080064d5   0x00000003   PAD
    0x080064d8   0x00000020   Data   RO         3334    Region$$Table       anon$$obj.o


    Execution Region RW_IRAM1 (Base: 0x20000000, Size: 0x00000578, Max: 0x0000c000, ABSOLUTE)

    Base Addr    Size         Type   Attr      Idx    E Section Name        Object

    0x20000000   0x00000008   Data   RW          147    .data               iap.o
    0x20000008   0x00000004   Data   RW          239    .data               delay.o
    0x2000000c   0x0000000c   Data   RW          311    .data               timer.o
    0x20000018   0x0000001c   Data   RW          365    .data               usart.o
    0x20000034   0x00000014   Data   RW         1243    .data               stm32f10x_rcc.o
    0x20000048   0x00000004   Data   RW         3308    .data               mc_w.l(stdout.o)
    0x2000004c   0x0000012c   Zero   RW          363    .bss                usart.o
    0x20000178   0x00000400   Zero   RW         2274    STACK               startup_stm32f10x_hd.o


==============================================================================

Image component sizes


      Code (inc. data)   RO Data    RW Data    ZI Data      Debug   Object Name

       344          6        192          0          0       2432   base64.o
       120         12          0          4          0       1064   delay.o
        60          0          0          0          0        717   flash.o
        60         10          0          8          0       4149   iap.o
        92         10          0          0          0       1032   logs.o
       240         32          0          0          0     262395   main.o
      2744        268         64          0          0       6723   md5.o
       192         30          0          0          0       2815   misc.o
        36          8        304          0       1024        788   startup_stm32f10x_hd.o
       274         30          0          0          0       3634   stm32f10x_flash.o
       296          0          0          0          0       2737   stm32f10x_gpio.o
       340         44          0         20          0       5816   stm32f10x_rcc.o
       740        106          0          0          0       5207   stm32f10x_tim.o
       490          6          0          0          0       7753   stm32f10x_usart.o
       328         30          0          0          0       1877   system_stm32f10x.o
       256         16          0         12          0       1232   timer.o
       644         72         77         28        300       4349   usart.o

    ----------------------------------------------------------------------
      7264        680        672         72       1324     314720   Object Totals
         0          0         32          0          0          0   (incl. Generated)
         8          0          3          0          0          0   (incl. Padding)

    ----------------------------------------------------------------------

      Code (inc. data)   RO Data    RW Data    ZI Data      Debug   Library Member Name

         0          0          0          0          0          0   entry.o
         0          0          0          0          0          0   entry10a.o
         0          0          0          0          0          0   entry11a.o
         8          4          0          0          0          0   entry2.o
         4          0          0          0          0          0   entry5.o
         0          0          0          0          0          0   entry7b.o
         0          0          0          0          0          0   entry8b.o
         8          4          0          0          0          0   entry9a.o
        30          0          0          0          0          0   handlers.o
        36          8          0          0          0         68   init.o
        30          0          0          0          0         68   llshl.o
        32          0          0          0          0         68   llushr.o
        36          0          0          0          0         68   memcpya.o
        36          0          0          0          0        108   memseta.o
      1154         54          0          0          0        352   printf8.o
         0          0          0          4          0          0   stdout.o
        14          0          0          0          0         68   strlen.o
        36          0          0          0          0         80   strstr.o
        98          0          0          0          0         92   uldiv.o

    ----------------------------------------------------------------------
      1528         70          0          4          0        972   Library Totals
         6          0          0          0          0          0   (incl. Padding)

    ----------------------------------------------------------------------

      Code (inc. data)   RO Data    RW Data    ZI Data      Debug   Library Name

      1522         70          0          4          0        972   mc_w.l

    ----------------------------------------------------------------------
      1528         70          0          4          0        972   Library Totals

    ----------------------------------------------------------------------

==============================================================================


      Code (inc. data)   RO Data    RW Data    ZI Data      Debug   

      8792        750        672         76       1324     312412   Grand Totals
      8792        750        672         76       1324     312412   ELF Image Totals
      8792        750        672         76          0          0   ROM Totals

==============================================================================

    Total RO  Size (Code + RO Data)                 9464 (   9.24kB)
    Total RW  Size (RW Data + ZI Data)              1400 (   1.37kB)
    Total ROM Size (Code + RO Data + RW Data)       9540 (   9.32kB)

==============================================================================

